Archive member included because of file (symbol)

../libntfs_ext.a(ntfs.o)      main.o (ntfsMountAll)
../libntfs_ext.a(ntfsdir.o)   ../libntfs_ext.a(ntfs.o) (ntfs_stat_r)
../libntfs_ext.a(ntfsfile.o)  ../libntfs_ext.a(ntfs.o) (ntfs_open_r)
../libntfs_ext.a(ntfsinternal.o)
                              main.o (ps3ntfs_open)
../libntfs_ext.a(reparse.o)   ../libntfs_ext.a(ntfsinternal.o) (ntfs_make_symlink)
../libntfs_ext.a(unistr.o)    ../libntfs_ext.a(reparse.o) (ntfs_names_are_equal)
../libntfs_ext.a(volume.o)    ../libntfs_ext.a(ntfs.o) (ntfs_set_ignore_case)
../libntfs_ext.a(ext2.o)      ../libntfs_ext.a(ntfs.o) (ext2Mount)
../libntfs_ext.a(ext2_internal.o)
                              ../libntfs_ext.a(ext2.o) (ext2AddDevice)
../libntfs_ext.a(ext2dir.o)   ../libntfs_ext.a(ext2_internal.o) (ext2CloseDir)
../libntfs_ext.a(ext2file.o)  ../libntfs_ext.a(ext2_internal.o) (ext2CloseFile)
../libntfs_ext.a(fileio.o)    ../libntfs_ext.a(ext2file.o) (ext2fs_file_open2)
../libntfs_ext.a(freefs.o)    ../libntfs_ext.a(ext2.o) (ext2fs_free)
../libntfs_ext.a(gekko_io2.o)
                              ../libntfs_ext.a(ext2.o) (gekko_io_manager)
../libntfs_ext.a(inode2.o)    ../libntfs_ext.a(ext2_internal.o) (ext2fs_read_inode)
../libntfs_ext.a(io_manager.o)
                              ../libntfs_ext.a(inode2.o) (io_channel_read_blk64)
../libntfs_ext.a(link.o)      ../libntfs_ext.a(ext2_internal.o) (ext2fs_link)
../libntfs_ext.a(mkdir.o)     ../libntfs_ext.a(ext2_internal.o) (ext2fs_mkdir)
../libntfs_ext.a(namei.o)     ../libntfs_ext.a(ext2_internal.o) (ext2fs_namei_follow)
../libntfs_ext.a(newdir.o)    ../libntfs_ext.a(mkdir.o) (ext2fs_new_dir_block)
../libntfs_ext.a(openfs.o)    ../libntfs_ext.a(ext2.o) (ext2fs_open2)
../libntfs_ext.a(punch.o)     ../libntfs_ext.a(ext2_internal.o) (ext2fs_punch)
../libntfs_ext.a(read_bb.o)   ../libntfs_ext.a(inode2.o) (ext2fs_read_bb_inode)
../libntfs_ext.a(rw_bitmaps.o)
                              ../libntfs_ext.a(ext2_internal.o) (ext2fs_read_bitmaps)
../libntfs_ext.a(swapfs.o)    ../libntfs_ext.a(openfs.o) (ext2fs_swap_super)
../libntfs_ext.a(unlink.o)    ../libntfs_ext.a(ext2_internal.o) (ext2fs_unlink)
../libntfs_ext.a(valid_blk.o)
                              ../libntfs_ext.a(ext2_internal.o) (ext2fs_inode_has_valid_blocks)
../libntfs_ext.a(attrib.o)    ../libntfs_ext.a(ntfsfile.o) (NAttrCompressed)
../libntfs_ext.a(attrlist.o)  ../libntfs_ext.a(attrib.o) (ntfs_attrlist_need)
../libntfs_ext.a(bootsect.o)  ../libntfs_ext.a(volume.o) (ntfs_boot_sector_is_ntfs)
../libntfs_ext.a(cache.o)     ../libntfs_ext.a(volume.o) (ntfs_create_lru_caches)
../libntfs_ext.a(cache2.o)    ../libntfs_ext.a(gekko_io2.o) (_NTFS_cache_constructor)
../libntfs_ext.a(compress.o)  ../libntfs_ext.a(attrib.o) (ntfs_compressed_attr_pread)
../libntfs_ext.a(device.o)    ../libntfs_ext.a(ntfs.o) (ntfs_device_alloc)
../libntfs_ext.a(dir.o)       ../libntfs_ext.a(cache.o) (ntfs_dir_inode_hash)
../libntfs_ext.a(gekko_io.o)  ../libntfs_ext.a(ntfs.o) (ntfs_device_gekko_io_ops)
../libntfs_ext.a(index.o)     ../libntfs_ext.a(reparse.o) (ntfs_index_entry_mark_dirty)
../libntfs_ext.a(inode.o)     ../libntfs_ext.a(volume.o) (ntfs_inode_mark_dirty)
../libntfs_ext.a(lcnalloc.o)  ../libntfs_ext.a(attrib.o) (ntfs_cluster_free_from_rl)
../libntfs_ext.a(logfile.o)   ../libntfs_ext.a(volume.o) (ntfs_check_logfile)
../libntfs_ext.a(logging.o)   ../libntfs_ext.a(ntfs.o) (ntfs_log_handler_null)
../libntfs_ext.a(mft.o)       ../libntfs_ext.a(attrib.o) (ntfs_mft_records_write)
../libntfs_ext.a(misc.o)      ../libntfs_ext.a(volume.o) (ntfs_calloc)
../libntfs_ext.a(mst.o)       ../libntfs_ext.a(attrib.o) (ntfs_mst_post_read_fixup_warn)
../libntfs_ext.a(object_id.o)
                              ../libntfs_ext.a(dir.o) (ntfs_delete_object_id_index)
../libntfs_ext.a(runlist.o)   ../libntfs_ext.a(attrib.o) (ntfs_rl_extend)
../libntfs_ext.a(security.o)  ../libntfs_ext.a(dir.o) (ntfs_sd_add_everyone)
../libntfs_ext.a(alloc.o)     ../libntfs_ext.a(ext2_internal.o) (ext2fs_new_inode)
../libntfs_ext.a(alloc_stats.o)
                              ../libntfs_ext.a(ext2_internal.o) (ext2fs_inode_alloc_stats2)
../libntfs_ext.a(badblocks.o)
                              ../libntfs_ext.a(read_bb.o) (ext2fs_badblocks_list_create)
../libntfs_ext.a(bitmaps2.o)  ../libntfs_ext.a(freefs.o) (ext2fs_free_inode_bitmap)
../libntfs_ext.a(bitops.o)    ../libntfs_ext.a(rw_bitmaps.o) (ext2fs_set_bit)
../libntfs_ext.a(blknum.o)    ../libntfs_ext.a(alloc_stats.o) (ext2fs_group_of_blk2)
../libntfs_ext.a(block.o)     ../libntfs_ext.a(read_bb.o) (ext2fs_block_iterate2)
../libntfs_ext.a(bmap.o)      ../libntfs_ext.a(fileio.o) (ext2fs_bmap2)
../libntfs_ext.a(closefs.o)   ../libntfs_ext.a(openfs.o) (ext2fs_bg_has_super)
../libntfs_ext.a(csum.o)      ../libntfs_ext.a(rw_bitmaps.o) (ext2fs_group_desc_csum_verify)
../libntfs_ext.a(dir_iterate.o)
                              ../libntfs_ext.a(link.o) (ext2fs_get_rec_len)
[...]
Memory Configuration

Name             Origin             Length             Attributes
*default*        0x0000000000000000 0xffffffffffffffff

Linker script and memory map

                0x0000000000010000                PROVIDE (__executable_start, 0x10000)
                0x0000000000010200                . = (0x10000 + SIZEOF_HEADERS)

.interp
 *(.interp)

.hash
 *(.hash)

.dynsym
 *(.dynsym)

.dynstr
 *(.dynstr)

.gnu.version
 *(.gnu.version)

.gnu.version_d
 *(.gnu.version_d)

.gnu.version_r
 *(.gnu.version_r)

.rel.dyn
 *(.rel.init)
 *(.rel.text .rel.text.* .rel.gnu.linkonce.t.*)
 *(.rel.fini)
 *(.rel.rodata .rel.rodata.* .rel.gnu.linkonce.r.*)
 *(.rel.data.rel.ro*)
 *(.rel.data .rel.data.* .rel.gnu.linkonce.d.*)
 *(.rel.tdata .rel.tdata.* .rel.gnu.linkonce.td.*)
 *(.rel.tbss .rel.tbss.* .rel.gnu.linkonce.tb.*)
 *(.rel.ctors)
 *(.rel.dtors)
 *(.rel.got)
 *(.rel.sdata .rel.sdata.* .rel.gnu.linkonce.s.*)
 *(.rel.sbss .rel.sbss.* .rel.gnu.linkonce.sb.*)
 *(.rel.sdata2 .rel.sdata2.* .rel.gnu.linkonce.s2.*)
 *(.rel.sbss2 .rel.sbss2.* .rel.gnu.linkonce.sb2.*)
 *(.rel.bss .rel.bss.* .rel.gnu.linkonce.b.*)

.rela.dyn       0x0000000000010200        0x0
 *(.rela.init)
 *(.rela.text .rela.text.* .rela.gnu.linkonce.t.*)
 *(.rela.fini)
 *(.rela.rodata .rela.rodata.* .rela.gnu.linkonce.r.*)
 *(.rela.data .rela.data.* .rela.gnu.linkonce.d.*)
 .rela.data.rel.ro.devops_ntfs
                0x0000000000000000        0x0 linker stubs
 .rela.data.rel.ro.devops_ext2
                0x0000000000000000        0x0 linker stubs
 *(.rela.tdata .rela.tdata.* .rela.gnu.linkonce.td.*)
 *(.rela.tbss .rela.tbss.* .rela.gnu.linkonce.tb.*)
 *(.rela.ctors)
 *(.rela.dtors)
 *(.rela.got)
 *(.rela.toc)
 .rela.toc      0x0000000000000000        0x0 linker stubs
 *(.rela.sdata .rela.sdata.* .rela.gnu.linkonce.s.*)
 *(.rela.sbss .rela.sbss.* .rela.gnu.linkonce.sb.*)
 *(.rela.sdata2 .rela.sdata2.* .rela.gnu.linkonce.s2.*)
 *(.rela.sbss2 .rela.sbss2.* .rela.gnu.linkonce.sb2.*)
 *(.rela.bss .rela.bss.* .rela.gnu.linkonce.b.*)
 .rela.iplt     0x0000000000000000        0x0 linker stubs
 .rela.sys_proc_prx_param
                0x0000000000000000        0x0 linker stubs
 .rela.opd      0x0000000000000000        0x0 linker stubs

.rel.plt
 *(.rel.plt)

.rela.plt
 *(.rela.plt)

.rela.tocbss
 *(.rela.tocbss)

.init           0x0000000000010200       0x2c
 *(.init)
 .init          0x0000000000010200        0xc c:/psdk3v2/ps3dev/ppu/bin/../lib/gcc/powerpc64-ps3-elf/4.5.2/../../../../powerpc64-ps3-elf/lib/lv2-crti.o
                0x0000000000010200                ._init
 .init          0x000000000001020c        0x8 c:/psdk3v2/ps3dev/ppu/bin/../lib/gcc/powerpc64-ps3-elf/4.5.2/crtbegin.o
 .init          0x0000000000010214        0x8 c:/psdk3v2/ps3dev/ppu/bin/../lib/gcc/powerpc64-ps3-elf/4.5.2/crtend.o
 .init          0x000000000001021c       0x10 c:/psdk3v2/ps3dev/ppu/bin/../lib/gcc/powerpc64-ps3-elf/4.5.2/../../../../powerpc64-ps3-elf/lib/lv2-crtn.o

.text           0x0000000000010230    0x8446c
 *(.text .stub .text.* .gnu.linkonce.t.*)
 .text          0x0000000000010230        0x0 c:/psdk3v2/ps3dev/ppu/bin/../lib/gcc/powerpc64-ps3-elf/4.5.2/../../../../powerpc64-ps3-elf/lib/lv2-crti.o
 .text          0x0000000000010230        0x0 c:/psdk3v2/ps3dev/ppu/bin/../lib/gcc/powerpc64-ps3-elf/4.5.2/crtbegin.o
 .text.__do_global_dtors_aux
                0x0000000000010230       0xc8 c:/psdk3v2/ps3dev/ppu/bin/../lib/gcc/powerpc64-ps3-elf/4.5.2/crtbegin.o
 .text.frame_dummy
                0x00000000000102f8       0x70 c:/psdk3v2/ps3dev/ppu/bin/../lib/gcc/powerpc64-ps3-elf/4.5.2/crtbegin.o
 .text          0x0000000000010368       0x58 c:/psdk3v2/ps3dev/ppu/bin/../lib/gcc/powerpc64-ps3-elf/4.5.2/../../../../powerpc64-ps3-elf/lib/lv2-crt0.o
                0x0000000000010368                ._start
 .text.__syscalls_init
                0x00000000000103c0      0x15c c:/psdk3v2/ps3dev/ppu/bin/../lib/gcc/powerpc64-ps3-elf/4.5.2/../../../../powerpc64-ps3-elf/lib/lv2-crt0.o
 *fill*         0x000000000001051c        0x4 60000000
 .text._initialize
                0x0000000000010520       0x40 c:/psdk3v2/ps3dev/ppu/bin/../lib/gcc/powerpc64-ps3-elf/4.5.2/../../../../powerpc64-ps3-elf/lib/lv2-crt0.o
                0x0000000000010520                ._initialize
 .text          0x0000000000010560        0x0 c:/psdk3v2/ps3dev/ppu/bin/../lib/gcc/powerpc64-ps3-elf/4.5.2/../../../../powerpc64-ps3-elf/lib/lv2-sprx.o
 .text          0x0000000000010560        0x0 main.o
 .text.isonum_731
                0x0000000000010560       0x3c main.o
 *fill*         0x000000000001059c        0x4 60000000
 .text.UTF16_to_UTF8
                0x00000000000105a0      0x184 main.o
                0x00000000000105a0                .UTF16_to_UTF8
 *fill*         0x0000000000010724        0x4 60000000
 .text.get_iso_file_pos
                0x0000000000010728      0x9a8 main.o
                0x0000000000010728                .get_iso_file_pos
 .text.file_exists
                0x00000000000110d0       0x3c main.o
                0x00000000000110d0                .file_exists
 *fill*         0x000000000001110c        0x4 60000000
 .text.SaveFile
                0x0000000000011110       0xdc main.o
                0x0000000000011110                .SaveFile
 *fill*         0x00000000000111ec        0x4 60000000
 .text.ExtractFileFromISO
                0x00000000000111f0      0x158 main.o
                0x00000000000111f0                .ExtractFileFromISO
 .text.get_filesize
                0x0000000000011348       0x44 main.o
                0x0000000000011348                .get_filesize
 *fill*         0x000000000001138c        0x4 60000000
 .text.copy_file
                0x0000000000011390      0x128 main.o
                0x0000000000011390                .copy_file
 .text.main     0x00000000000114b8     0x156c main.o
                0x00000000000114b8                .main
 .text          0x0000000000012a24        0x0 ../libntfs_ext.a(ntfs.o)
 *fill*         0x0000000000012a24        0x4 60000000
 .text.ntfsInit
                0x0000000000012a28       0x4c ../libntfs_ext.a(ntfs.o)
                0x0000000000012a28                .ntfsInit
 *fill*         0x0000000000012a74        0x4 60000000
 .text.ntfsFindPartitions
                0x0000000000012a78      0x6d4 ../libntfs_ext.a(ntfs.o)
                0x0000000000012a78                .ntfsFindPartitions
 *fill*         0x000000000001314c        0x4 60000000
 .text.ntfsMount
                0x0000000000013150      0x458 ../libntfs_ext.a(ntfs.o)
                0x0000000000013150                .ntfsMount
 .text.ntfsMountDevice
                0x00000000000135a8      0x3b4 ../libntfs_ext.a(ntfs.o)
                0x00000000000135a8                .ntfsMountDevice
 *fill*         0x000000000001395c        0x4 60000000
 .text.ntfsMountAll
                0x0000000000013960      0x37c ../libntfs_ext.a(ntfs.o)
                0x0000000000013960                .ntfsMountAll
 *fill*         0x0000000000013cdc        0x4 60000000
 .text.ntfsUnmount
                0x0000000000013ce0       0xd4 ../libntfs_ext.a(ntfs.o)
                0x0000000000013ce0                .ntfsUnmount
 *fill*         0x0000000000013db4        0x4 60000000
 .text.ntfsGetVolumeName
                0x0000000000013db8       0xa4 ../libntfs_ext.a(ntfs.o)
                0x0000000000013db8                .ntfsGetVolumeName
 *fill*         0x0000000000013e5c        0x4 60000000
 .text.ntfsSetVolumeName
                0x0000000000013e60      0x234 ../libntfs_ext.a(ntfs.o)
                0x0000000000013e60                .ntfsSetVolumeName
 *fill*         0x0000000000014094        0x4 60000000
 .text.ntfsGetDevOpTab
                0x0000000000014098       0x14 ../libntfs_ext.a(ntfs.o)
                0x0000000000014098                .ntfsGetDevOpTab
 .text          0x00000000000140ac        0x0 ../libntfs_ext.a(ntfsdir.o)
 *fill*         0x00000000000140ac        0x4 60000000
 .text.ntfs_readdir_filler
                0x00000000000140b0      0x230 ../libntfs_ext.a(ntfsdir.o)
                0x00000000000140b0                .ntfs_readdir_filler
 .text.ntfsCloseDir
                0x00000000000142e0       0xb0 ../libntfs_ext.a(ntfsdir.o)
                0x00000000000142e0                .ntfsCloseDir
 .text.ntfs_stat_r
                0x0000000000014390      0x1b0 ../libntfs_ext.a(ntfsdir.o)
                0x0000000000014390                .ntfs_stat_r
 .text.ntfs_link_r
                0x0000000000014540      0x104 ../libntfs_ext.a(ntfsdir.o)
                0x0000000000014540                .ntfs_link_r
 *fill*         0x0000000000014644        0x4 60000000
 .text.ntfs_unlink_r
                0x0000000000014648       0x78 ../libntfs_ext.a(ntfsdir.o)
                0x0000000000014648                .ntfs_unlink_r
 .text.ntfs_chdir_r
                0x00000000000146c0      0x134 ../libntfs_ext.a(ntfsdir.o)
                0x00000000000146c0                .ntfs_chdir_r
 *fill*         0x00000000000147f4        0x4 60000000
 .text.ntfs_rename_r
                0x00000000000147f8      0x1ec ../libntfs_ext.a(ntfsdir.o)
                0x00000000000147f8                .ntfs_rename_r
 *fill*         0x00000000000149e4        0x4 60000000
 .text.ntfs_mkdir_r
                0x00000000000149e8       0xf4 ../libntfs_ext.a(ntfsdir.o)
                0x00000000000149e8                .ntfs_mkdir_r
 *fill*         0x0000000000014adc        0x4 60000000
 .text.ntfs_statvfs_r
                0x0000000000014ae0      0x1bc ../libntfs_ext.a(ntfsdir.o)
                0x0000000000014ae0                .ntfs_statvfs_r
 *fill*         0x0000000000014c9c        0x4 60000000
 .text.ntfs_diropen_r
                0x0000000000014ca0      0x274 ../libntfs_ext.a(ntfsdir.o)
                0x0000000000014ca0                .ntfs_diropen_r
 *fill*         0x0000000000014f14        0x4 60000000
 .text.ntfs_dirreset_r
                0x0000000000014f18       0xb4 ../libntfs_ext.a(ntfsdir.o)
                0x0000000000014f18                .ntfs_dirreset_r
 *fill*         0x0000000000014fcc        0x4 60000000
 .text.ntfs_dirnext_r
                0x0000000000014fd0      0x1d4 ../libntfs_ext.a(ntfsdir.o)
                0x0000000000014fd0                .ntfs_dirnext_r
 *fill*         0x00000000000151a4        0x4 60000000
 .text.ntfs_dirclose_r
                0x00000000000151a8       0xec ../libntfs_ext.a(ntfsdir.o)
                0x00000000000151a8                .ntfs_dirclose_r
 .text          0x0000000000015294        0x0 ../libntfs_ext.a(ntfsfile.o)
 *fill*         0x0000000000015294        0x4 60000000
 .text.ntfsCloseFile
                0x0000000000015298      0x114 ../libntfs_ext.a(ntfsfile.o)
                0x0000000000015298                .ntfsCloseFile
 *fill*         0x00000000000153ac        0x4 60000000
 .text.ntfs_open_r
                0x00000000000153b0      0x494 ../libntfs_ext.a(ntfsfile.o)
                0x00000000000153b0                .ntfs_open_r
 *fill*         0x0000000000015844        0x4 60000000
 .text.ntfs_close_r
                0x0000000000015848       0xdc ../libntfs_ext.a(ntfsfile.o)
                0x0000000000015848                .ntfs_close_r
 *fill*         0x0000000000015924        0x4 60000000
 .text.ntfs_write_r
                0x0000000000015928      0x204 ../libntfs_ext.a(ntfsfile.o)
                0x0000000000015928                .ntfs_write_r
 *fill*         0x0000000000015b2c        0x4 60000000
 .text.ntfs_read_r
                0x0000000000015b30      0x1e4 ../libntfs_ext.a(ntfsfile.o)
                0x0000000000015b30                .ntfs_read_r
 *fill*         0x0000000000015d14        0x4 60000000
 .text.ntfs_seek_r
                0x0000000000015d18      0x12c ../libntfs_ext.a(ntfsfile.o)
                0x0000000000015d18                .ntfs_seek_r
 *fill*         0x0000000000015e44        0x4 60000000
 .text.ntfs_seek64_r
                0x0000000000015e48      0x12c ../libntfs_ext.a(ntfsfile.o)
                0x0000000000015e48                .ntfs_seek64_r
 *fill*         0x0000000000015f74        0x4 60000000
 .text.ntfs_fstat_r
                0x0000000000015f78       0xd4 ../libntfs_ext.a(ntfsfile.o)
                0x0000000000015f78                .ntfs_fstat_r
 *fill*         0x000000000001604c        0x4 60000000
 .text.ntfs_ftruncate_r
                0x0000000000016050      0x224 ../libntfs_ext.a(ntfsfile.o)
                0x0000000000016050                .ntfs_ftruncate_r
 *fill*         0x0000000000016274        0x4 60000000
 .text.ntfs_fsync_r
                0x0000000000016278       0xe4 ../libntfs_ext.a(ntfsfile.o)
                0x0000000000016278                .ntfs_fsync_r
 *fill*         0x000000000001635c        0x4 60000000
 .text.ntfs_file_to_sectors
                0x0000000000016360      0x77c ../libntfs_ext.a(ntfsfile.o)
                0x0000000000016360                .ntfs_file_to_sectors
 .text          0x0000000000016adc        0x0 ../libntfs_ext.a(ntfsinternal.o)
 *fill*         0x0000000000016adc        0x4 60000000
 .text.PS3_NTFS_ClearStatus
                0x0000000000016ae0       0x14 ../libntfs_ext.a(ntfsinternal.o)
                0x0000000000016ae0                .PS3_NTFS_ClearStatus
 *fill*         0x0000000000016af4        0x4 60000000
 .text.PS3_NTFS_IsInserted1
                0x0000000000016af8       0x14 ../libntfs_ext.a(ntfsinternal.o)
                0x0000000000016af8                .PS3_NTFS_IsInserted1
 *fill*         0x0000000000016b0c        0x4 60000000
 .text.PS3_NTFS_IsInserted2
                0x0000000000016b10       0x14 ../libntfs_ext.a(ntfsinternal.o)
                0x0000000000016b10                .PS3_NTFS_IsInserted2
 *fill*         0x0000000000016b24        0x4 60000000
 .text.PS3_NTFS_IsInserted3
                0x0000000000016b28       0x14 ../libntfs_ext.a(ntfsinternal.o)
                0x0000000000016b28                .PS3_NTFS_IsInserted3
 *fill*         0x0000000000016b3c        0x4 60000000
 .text.PS3_NTFS_IsInserted4
                0x0000000000016b40       0x14 ../libntfs_ext.a(ntfsinternal.o)
                0x0000000000016b40                .PS3_NTFS_IsInserted4
 *fill*         0x0000000000016b54        0x4 60000000
 .text.PS3_NTFS_IsInserted5
                0x0000000000016b58       0x14 ../libntfs_ext.a(ntfsinternal.o)
                0x0000000000016b58                .PS3_NTFS_IsInserted5
 *fill*         0x0000000000016b6c        0x4 60000000
 .text.PS3_NTFS_IsInserted6
                0x0000000000016b70       0x14 ../libntfs_ext.a(ntfsinternal.o)
                0x0000000000016b70                .PS3_NTFS_IsInserted6
 *fill*         0x0000000000016b84        0x4 60000000
 .text.PS3_NTFS_IsInserted7
                0x0000000000016b88       0x14 ../libntfs_ext.a(ntfsinternal.o)
                0x0000000000016b88                .PS3_NTFS_IsInserted7
 *fill*         0x0000000000016b9c        0x4 60000000
 .text.PS3_NTFS_IsInserted8
                0x0000000000016ba0       0x14 ../libntfs_ext.a(ntfsinternal.o)
                0x0000000000016ba0                .PS3_NTFS_IsInserted8
 *fill*         0x0000000000016bb4        0x4 60000000
 .text.PS3_NTFS_Shutdown1
                0x0000000000016bb8       0x14 ../libntfs_ext.a(ntfsinternal.o)
                0x0000000000016bb8                .PS3_NTFS_Shutdown1
 *fill*         0x0000000000016bcc        0x4 60000000
 .text.PS3_NTFS_Shutdown2
                0x0000000000016bd0       0x14 ../libntfs_ext.a(ntfsinternal.o)
                0x0000000000016bd0                .PS3_NTFS_Shutdown2
 *fill*         0x0000000000016be4        0x4 60000000
 .text.PS3_NTFS_Shutdown3
                0x0000000000016be8       0x14 ../libntfs_ext.a(ntfsinternal.o)
                0x0000000000016be8                .PS3_NTFS_Shutdown3
 *fill*         0x0000000000016bfc        0x4 60000000
 .text.PS3_NTFS_Shutdown4
                0x0000000000016c00       0x14 ../libntfs_ext.a(ntfsinternal.o)
                0x0000000000016c00                .PS3_NTFS_Shutdown4
 *fill*         0x0000000000016c14        0x4 60000000
 .text.PS3_NTFS_Shutdown5
                0x0000000000016c18       0x14 ../libntfs_ext.a(ntfsinternal.o)
                0x0000000000016c18                .PS3_NTFS_Shutdown5
 *fill*         0x0000000000016c2c        0x4 60000000
 .text.PS3_NTFS_Shutdown6
                0x0000000000016c30       0x14 ../libntfs_ext.a(ntfsinternal.o)
                0x0000000000016c30                .PS3_NTFS_Shutdown6
 *fill*         0x0000000000016c44        0x4 60000000
 .text.PS3_NTFS_Shutdown7
                0x0000000000016c48       0x14 ../libntfs_ext.a(ntfsinternal.o)
                0x0000000000016c48                .PS3_NTFS_Shutdown7
 *fill*         0x0000000000016c5c        0x4 60000000
 .text.PS3_NTFS_Shutdown8
                0x0000000000016c60       0x14 ../libntfs_ext.a(ntfsinternal.o)
                0x0000000000016c60                .PS3_NTFS_Shutdown8
 *fill*         0x0000000000016c74        0x4 60000000
 .text.get_dev  0x0000000000016c78       0xe8 ../libntfs_ext.a(ntfsinternal.o)
 .text.get_dev2
                0x0000000000016d60       0xd4 ../libntfs_ext.a(ntfsinternal.o)
 *fill*         0x0000000000016e34        0x4 60000000
 .text.getpwnam
                0x0000000000016e38       0x14 ../libntfs_ext.a(ntfsinternal.o)
                0x0000000000016e38                .getpwnam
 *fill*         0x0000000000016e4c        0x4 60000000
 .text.getpwuid
                0x0000000000016e50       0x14 ../libntfs_ext.a(ntfsinternal.o)
                0x0000000000016e50                .getpwuid
 *fill*         0x0000000000016e64        0x4 60000000
 .text.getgrnam
                0x0000000000016e68       0x14 ../libntfs_ext.a(ntfsinternal.o)
                0x0000000000016e68                .getgrnam
 *fill*         0x0000000000016e7c        0x4 60000000
 .text.getgrgid
                0x0000000000016e80       0x14 ../libntfs_ext.a(ntfsinternal.o)
                0x0000000000016e80                .getgrgid
 *fill*         0x0000000000016e94        0x4 60000000
 .text.getuid   0x0000000000016e98       0x14 ../libntfs_ext.a(ntfsinternal.o)
                0x0000000000016e98                .getuid
 *fill*         0x0000000000016eac        0x4 60000000
 .text.getgid   0x0000000000016eb0       0x18 ../libntfs_ext.a(ntfsinternal.o)
                0x0000000000016eb0                .getgid
 .text.PS3_NTFS_Startup
                0x0000000000016ec8      0x154 ../libntfs_ext.a(ntfsinternal.o)
                0x0000000000016ec8                .PS3_NTFS_Startup
 *fill*         0x000000000001701c        0x4 60000000
 .text.PS3_NTFS_Startup8
                0x0000000000017020       0x20 ../libntfs_ext.a(ntfsinternal.o)
                0x0000000000017020                .PS3_NTFS_Startup8
 .text.PS3_NTFS_Startup7
                0x0000000000017040       0x20 ../libntfs_ext.a(ntfsinternal.o)
                0x0000000000017040                .PS3_NTFS_Startup7
 .text.PS3_NTFS_Startup6
                0x0000000000017060       0x20 ../libntfs_ext.a(ntfsinternal.o)
                0x0000000000017060                .PS3_NTFS_Startup6
 .text.PS3_NTFS_Startup5
                0x0000000000017080       0x20 ../libntfs_ext.a(ntfsinternal.o)
                0x0000000000017080                .PS3_NTFS_Startup5
 .text.PS3_NTFS_Startup4
                0x00000000000170a0       0x20 ../libntfs_ext.a(ntfsinternal.o)
                0x00000000000170a0                .PS3_NTFS_Startup4
 .text.PS3_NTFS_Startup3
                0x00000000000170c0       0x20 ../libntfs_ext.a(ntfsinternal.o)
                0x00000000000170c0                .PS3_NTFS_Startup3
 .text.PS3_NTFS_Startup2
                0x00000000000170e0       0x20 ../libntfs_ext.a(ntfsinternal.o)
                0x00000000000170e0                .PS3_NTFS_Startup2
 .text.PS3_NTFS_Startup1
                0x0000000000017100       0x20 ../libntfs_ext.a(ntfsinternal.o)
                0x0000000000017100                .PS3_NTFS_Startup1
 .text.PS3_NTFS_Shutdown
                0x0000000000017120       0x70 ../libntfs_ext.a(ntfsinternal.o)
                0x0000000000017120                .PS3_NTFS_Shutdown
 .text.PS3_NTFS_ShutdownA
                0x0000000000017190       0x20 ../libntfs_ext.a(ntfsinternal.o)
                0x0000000000017190                .PS3_NTFS_ShutdownA
 .text.PS3_NTFS_ReadSectors
                0x00000000000171b0      0x230 ../libntfs_ext.a(ntfsinternal.o)
                0x00000000000171b0                .PS3_NTFS_ReadSectors
 .text.PS3_NTFS_ReadSectors8
                0x00000000000173e0       0x28 ../libntfs_ext.a(ntfsinternal.o)
                0x00000000000173e0                .PS3_NTFS_ReadSectors8
 .text.PS3_NTFS_ReadSectors7
                0x0000000000017408       0x28 ../libntfs_ext.a(ntfsinternal.o)
                0x0000000000017408                .PS3_NTFS_ReadSectors7
 .text.PS3_NTFS_ReadSectors6
                0x0000000000017430       0x28 ../libntfs_ext.a(ntfsinternal.o)
                0x0000000000017430                .PS3_NTFS_ReadSectors6
 .text.PS3_NTFS_ReadSectors5
                0x0000000000017458       0x28 ../libntfs_ext.a(ntfsinternal.o)
                0x0000000000017458                .PS3_NTFS_ReadSectors5
 .text.PS3_NTFS_ReadSectors4
                0x0000000000017480       0x28 ../libntfs_ext.a(ntfsinternal.o)
                0x0000000000017480                .PS3_NTFS_ReadSectors4
 .text.PS3_NTFS_ReadSectors3
                0x00000000000174a8       0x28 ../libntfs_ext.a(ntfsinternal.o)
                0x00000000000174a8                .PS3_NTFS_ReadSectors3
 .text.PS3_NTFS_ReadSectors2
                0x00000000000174d0       0x28 ../libntfs_ext.a(ntfsinternal.o)
                0x00000000000174d0                .PS3_NTFS_ReadSectors2
 .text.PS3_NTFS_ReadSectors1
                0x00000000000174f8       0x28 ../libntfs_ext.a(ntfsinternal.o)
                0x00000000000174f8                .PS3_NTFS_ReadSectors1
 .text.PS3_NTFS_WriteSectors
                0x0000000000017520      0x1fc ../libntfs_ext.a(ntfsinternal.o)
                0x0000000000017520                .PS3_NTFS_WriteSectors
 *fill*         0x000000000001771c        0x4 60000000
 .text.PS3_NTFS_WriteSectors8
                0x0000000000017720       0x28 ../libntfs_ext.a(ntfsinternal.o)
                0x0000000000017720                .PS3_NTFS_WriteSectors8
 .text.PS3_NTFS_WriteSectors7
                0x0000000000017748       0x28 ../libntfs_ext.a(ntfsinternal.o)
                0x0000000000017748                .PS3_NTFS_WriteSectors7
 .text.PS3_NTFS_WriteSectors6
                0x0000000000017770       0x28 ../libntfs_ext.a(ntfsinternal.o)
                0x0000000000017770                .PS3_NTFS_WriteSectors6
 .text.PS3_NTFS_WriteSectors5
                0x0000000000017798       0x28 ../libntfs_ext.a(ntfsinternal.o)
                0x0000000000017798                .PS3_NTFS_WriteSectors5
 .text.PS3_NTFS_WriteSectors4
                0x00000000000177c0       0x28 ../libntfs_ext.a(ntfsinternal.o)
                0x00000000000177c0                .PS3_NTFS_WriteSectors4
 .text.PS3_NTFS_WriteSectors3
                0x00000000000177e8       0x28 ../libntfs_ext.a(ntfsinternal.o)
                0x00000000000177e8                .PS3_NTFS_WriteSectors3
 .text.PS3_NTFS_WriteSectors2
                0x0000000000017810       0x28 ../libntfs_ext.a(ntfsinternal.o)
                0x0000000000017810                .PS3_NTFS_WriteSectors2
 .text.PS3_NTFS_WriteSectors1
                0x0000000000017838       0x28 ../libntfs_ext.a(ntfsinternal.o)
                0x0000000000017838                .PS3_NTFS_WriteSectors1
 .text.PS3_NTFS_IsInserted
                0x0000000000017860       0xe8 ../libntfs_ext.a(ntfsinternal.o)
                0x0000000000017860                .PS3_NTFS_IsInserted
 .text.ps3ntfs_open
                0x0000000000017948      0x3a0 ../libntfs_ext.a(ntfsinternal.o)
                0x0000000000017948                .ps3ntfs_open
 .text.ps3ntfs_close
                0x0000000000017ce8      0x11c ../libntfs_ext.a(ntfsinternal.o)
                0x0000000000017ce8                .ps3ntfs_close
 *fill*         0x0000000000017e04        0x4 60000000
 .text.ps3ntfs_write
                0x0000000000017e08      0x13c ../libntfs_ext.a(ntfsinternal.o)
                0x0000000000017e08                .ps3ntfs_write
 *fill*         0x0000000000017f44        0x4 60000000
 .text.ps3ntfs_read
                0x0000000000017f48      0x13c ../libntfs_ext.a(ntfsinternal.o)
                0x0000000000017f48                .ps3ntfs_read
 *fill*         0x0000000000018084        0x4 60000000
 .text.ps3ntfs_seek
                0x0000000000018088      0x140 ../libntfs_ext.a(ntfsinternal.o)
                0x0000000000018088                .ps3ntfs_seek
 .text.ps3ntfs_seek64
                0x00000000000181c8      0x13c ../libntfs_ext.a(ntfsinternal.o)
                0x00000000000181c8                .ps3ntfs_seek64
 *fill*         0x0000000000018304        0x4 60000000
 .text.ps3ntfs_fstat
                0x0000000000018308      0x15c ../libntfs_ext.a(ntfsinternal.o)
                0x0000000000018308                .ps3ntfs_fstat
 *fill*         0x0000000000018464        0x4 60000000
 .text.ps3ntfs_stat
                0x0000000000018468      0x1a4 ../libntfs_ext.a(ntfsinternal.o)
                0x0000000000018468                .ps3ntfs_stat
 *fill*         0x000000000001860c        0x4 60000000
 .text.ps3ntfs_link
                0x0000000000018610      0x158 ../libntfs_ext.a(ntfsinternal.o)
                0x0000000000018610                .ps3ntfs_link
 .text.ps3ntfs_unlink
                0x0000000000018768      0x16c ../libntfs_ext.a(ntfsinternal.o)
                0x0000000000018768                .ps3ntfs_unlink
 *fill*         0x00000000000188d4        0x4 60000000
 .text.ps3ntfs_chdir
                0x00000000000188d8       0x14 ../libntfs_ext.a(ntfsinternal.o)
                0x00000000000188d8                .ps3ntfs_chdir
 *fill*         0x00000000000188ec        0x4 60000000
 .text.ps3ntfs_rename
                0x00000000000188f0      0x158 ../libntfs_ext.a(ntfsinternal.o)
                0x00000000000188f0                .ps3ntfs_rename
 .text.ps3ntfs_mkdir
                0x0000000000018a48      0x14c ../libntfs_ext.a(ntfsinternal.o)
                0x0000000000018a48                .ps3ntfs_mkdir
 *fill*         0x0000000000018b94        0x4 60000000
 .text.ps3ntfs_file_to_sectors
                0x0000000000018b98      0x210 ../libntfs_ext.a(ntfsinternal.o)
                0x0000000000018b98                .ps3ntfs_file_to_sectors
 .text.ps3ntfs_diropen
                0x0000000000018da8      0x2c8 ../libntfs_ext.a(ntfsinternal.o)
                0x0000000000018da8                .ps3ntfs_diropen
 .text.ps3ntfs_dirreset
                0x0000000000019070       0x90 ../libntfs_ext.a(ntfsinternal.o)
                0x0000000000019070                .ps3ntfs_dirreset
 .text.ps3ntfs_dirnext
                0x0000000000019100      0x250 ../libntfs_ext.a(ntfsinternal.o)
                0x0000000000019100                .ps3ntfs_dirnext
 .text.ps3ntfs_dirclose
                0x0000000000019350       0xd8 ../libntfs_ext.a(ntfsinternal.o)
                0x0000000000019350                .ps3ntfs_dirclose
 .text.ps3ntfs_statvfs
                0x0000000000019428      0x124 ../libntfs_ext.a(ntfsinternal.o)
                0x0000000000019428                .ps3ntfs_statvfs
 *fill*         0x000000000001954c        0x4 60000000
 .text.ps3ntfs_ftruncate
                0x0000000000019550       0xec ../libntfs_ext.a(ntfsinternal.o)
                0x0000000000019550                .ps3ntfs_ftruncate
 *fill*         0x000000000001963c        0x4 60000000
 .text.ps3ntfs_fsync
                0x0000000000019640       0xdc ../libntfs_ext.a(ntfsinternal.o)
                0x0000000000019640                .ps3ntfs_fsync
 *fill*         0x000000000001971c        0x4 60000000
 .text.ps3ntfs_errno
                0x0000000000019720       0x1c ../libntfs_ext.a(ntfsinternal.o)
                0x0000000000019720                .ps3ntfs_errno
 *fill*         0x000000000001973c        0x4 60000000
 .text.ntfsAddDevice
                0x0000000000019740      0x1a4 ../libntfs_ext.a(ntfsinternal.o)
                0x0000000000019740                .ntfsAddDevice
 *fill*         0x00000000000198e4        0x4 60000000
 .text.ntfsRemoveDevice
                0x00000000000198e8      0x168 ../libntfs_ext.a(ntfsinternal.o)
                0x00000000000198e8                .ntfsRemoveDevice
 .text.ntfsGetDevice
                0x0000000000019a50      0x16c ../libntfs_ext.a(ntfsinternal.o)
                0x0000000000019a50                .ntfsGetDevice
 *fill*         0x0000000000019bbc        0x4 60000000
 .text.ntfsGetDiscInterfaces
                0x0000000000019bc0       0x14 ../libntfs_ext.a(ntfsinternal.o)
                0x0000000000019bc0                .ntfsGetDiscInterfaces
 *fill*         0x0000000000019bd4        0x4 60000000
 .text.ntfsGetVolume
                0x0000000000019bd8       0x84 ../libntfs_ext.a(ntfsinternal.o)
                0x0000000000019bd8                .ntfsGetVolume
 *fill*         0x0000000000019c5c        0x4 60000000
 .text.ntfsInitVolume
                0x0000000000019c60       0xd8 ../libntfs_ext.a(ntfsinternal.o)
                0x0000000000019c60                .ntfsInitVolume
 .text.ntfsDeinitVolume
                0x0000000000019d38      0x174 ../libntfs_ext.a(ntfsinternal.o)
                0x0000000000019d38                .ntfsDeinitVolume
 *fill*         0x0000000000019eac        0x4 60000000
 .text.ntfsSync
                0x0000000000019eb0       0xc4 ../libntfs_ext.a(ntfsinternal.o)
                0x0000000000019eb0                .ntfsSync
 *fill*         0x0000000000019f74        0x4 60000000
 .text.ntfsCloseEntry
                0x0000000000019f78       0xb0 ../libntfs_ext.a(ntfsinternal.o)
                0x0000000000019f78                .ntfsCloseEntry
 .text.ntfsUpdateTimes
                0x000000000001a028       0x64 ../libntfs_ext.a(ntfsinternal.o)
                0x000000000001a028                .ntfsUpdateTimes
 *fill*         0x000000000001a08c        0x4 60000000
 .text.ntfsStat
                0x000000000001a090      0x1dc ../libntfs_ext.a(ntfsinternal.o)
                0x000000000001a090                .ntfsStat
 *fill*         0x000000000001a26c        0x4 60000000
 .text.ntfsRealPath
                0x000000000001a270       0x90 ../libntfs_ext.a(ntfsinternal.o)
                0x000000000001a270                .ntfsRealPath
 .text.ntfsParseEntry
                0x000000000001a300      0x1dc ../libntfs_ext.a(ntfsinternal.o)
                0x000000000001a300                .ntfsParseEntry
 *fill*         0x000000000001a4dc        0x4 60000000
 .text.ntfsOpenEntry
                0x000000000001a4e0       0x14 ../libntfs_ext.a(ntfsinternal.o)
                0x000000000001a4e0                .ntfsOpenEntry
 *fill*         0x000000000001a4f4        0x4 60000000
 .text.ntfsUnicodeToLocal
                0x000000000001a4f8      0x1d0 ../libntfs_ext.a(ntfsinternal.o)
                0x000000000001a4f8                .ntfsUnicodeToLocal
 .text.ntfsLocalToUnicode
                0x000000000001a6c8       0x4c ../libntfs_ext.a(ntfsinternal.o)
                0x000000000001a6c8                .ntfsLocalToUnicode
 *fill*         0x000000000001a714        0x4 60000000
 .text.ntfsUnlink
                0x000000000001a718      0x230 ../libntfs_ext.a(ntfsinternal.o)
                0x000000000001a718                .ntfsUnlink
 .text.ntfsLink
                0x000000000001a948      0x284 ../libntfs_ext.a(ntfsinternal.o)
                0x000000000001a948                .ntfsLink
 *fill*         0x000000000001abcc        0x4 60000000
 .text.ntfsCreate
                0x000000000001abd0      0x328 ../libntfs_ext.a(ntfsinternal.o)
                0x000000000001abd0                .ntfsCreate
 .text          0x000000000001aef8        0x0 ../libntfs_ext.a(reparse.o)
 .text.ntfs_drive_letter
                0x000000000001aef8      0x160 ../libntfs_ext.a(reparse.o)
 .text.ntfs_fix_file_name
                0x000000000001b058      0x32c ../libntfs_ext.a(reparse.o)
 *fill*         0x000000000001b384        0x4 60000000
 .text.search_absolute
                0x000000000001b388      0x288 ../libntfs_ext.a(reparse.o)
 .text.ntfs_get_fulllink
                0x000000000001b610      0x374 ../libntfs_ext.a(reparse.o)
 *fill*         0x000000000001b984        0x4 60000000
 .text.ntfs_make_symlink
                0x000000000001b988      0x918 ../libntfs_ext.a(reparse.o)
                0x000000000001b988                .ntfs_make_symlink
 .text.ntfs_possible_symlink
                0x000000000001c2a0       0x9c ../libntfs_ext.a(reparse.o)
                0x000000000001c2a0                .ntfs_possible_symlink
 *fill*         0x000000000001c33c        0x4 60000000
 .text.ntfs_delete_reparse_index
                0x000000000001c340      0x25c ../libntfs_ext.a(reparse.o)
                0x000000000001c340                .ntfs_delete_reparse_index
 .text          0x000000000001c59c        0x0 ../libntfs_ext.a(unistr.o)
 *fill*         0x000000000001c59c        0x4 60000000
 .text.utf8_to_unicode
                0x000000000001c5a0      0x1a0 ../libntfs_ext.a(unistr.o)
 .text.ntfs_names_full_collate
                0x000000000001c740      0x294 ../libntfs_ext.a(unistr.o)
                0x000000000001c740                .ntfs_names_full_collate
 *fill*         0x000000000001c9d4        0x4 60000000
 .text.ntfs_ucsncmp
                0x000000000001c9d8       0xd0 ../libntfs_ext.a(unistr.o)
                0x000000000001c9d8                .ntfs_ucsncmp
 .text.ntfs_ucsncasecmp
                0x000000000001caa8       0xd8 ../libntfs_ext.a(unistr.o)
                0x000000000001caa8                .ntfs_ucsncasecmp
 .text.ntfs_names_are_equal
                0x000000000001cb80       0xa0 ../libntfs_ext.a(unistr.o)
                0x000000000001cb80                .ntfs_names_are_equal
 .text.ntfs_ucsnlen
                0x000000000001cc20       0x88 ../libntfs_ext.a(unistr.o)
                0x000000000001cc20                .ntfs_ucsnlen
 .text.ntfs_ucsndup
                0x000000000001cca8       0x88 ../libntfs_ext.a(unistr.o)
                0x000000000001cca8                .ntfs_ucsndup
 .text.ntfs_name_upcase
                0x000000000001cd30       0x60 ../libntfs_ext.a(unistr.o)
                0x000000000001cd30                .ntfs_name_upcase
 .text.ntfs_name_locase
                0x000000000001cd90       0x68 ../libntfs_ext.a(unistr.o)
                0x000000000001cd90                .ntfs_name_locase
 .text.ntfs_file_value_upcase
                0x000000000001cdf8       0x24 ../libntfs_ext.a(unistr.o)
                0x000000000001cdf8                .ntfs_file_value_upcase
 *fill*         0x000000000001ce1c        0x4 60000000
 .text.ntfs_ucstombs
                0x000000000001ce20      0x5c0 ../libntfs_ext.a(unistr.o)
                0x000000000001ce20                .ntfs_ucstombs
 .text.ntfs_mbstoucs
                0x000000000001d3e0      0x504 ../libntfs_ext.a(unistr.o)
                0x000000000001d3e0                .ntfs_mbstoucs
 *fill*         0x000000000001d8e4        0x4 60000000
 .text.ntfs_uppercase_mbs
                0x000000000001d8e8      0x230 ../libntfs_ext.a(unistr.o)
                0x000000000001d8e8                .ntfs_uppercase_mbs
 .text.ntfs_upcase_table_build
                0x000000000001db18      0x1dc ../libntfs_ext.a(unistr.o)
                0x000000000001db18                .ntfs_upcase_table_build
 *fill*         0x000000000001dcf4        0x4 60000000
 .text.ntfs_upcase_build_default
                0x000000000001dcf8       0x60 ../libntfs_ext.a(unistr.o)
                0x000000000001dcf8                .ntfs_upcase_build_default
 .text.ntfs_locase_table_build
                0x000000000001dd58      0x140 ../libntfs_ext.a(unistr.o)
                0x000000000001dd58                .ntfs_locase_table_build
 .text.ntfs_str2ucs
                0x000000000001de98       0xf8 ../libntfs_ext.a(unistr.o)
                0x000000000001de98                .ntfs_str2ucs
 .text.ntfs_ucsfree
                0x000000000001df90       0x44 ../libntfs_ext.a(unistr.o)
                0x000000000001df90                .ntfs_ucsfree
 *fill*         0x000000000001dfd4        0x4 60000000
 .text.ntfs_forbidden_chars
                0x000000000001dfd8      0x134 ../libntfs_ext.a(unistr.o)
                0x000000000001dfd8                .ntfs_forbidden_chars
 *fill*         0x000000000001e10c        0x4 60000000
 .text.ntfs_collapsible_chars
                0x000000000001e110       0xc8 ../libntfs_ext.a(unistr.o)
                0x000000000001e110                .ntfs_collapsible_chars
 .text.ntfs_set_char_encoding
                0x000000000001e1d8      0x108 ../libntfs_ext.a(unistr.o)
                0x000000000001e1d8                .ntfs_set_char_encoding
 .text          0x000000000001e2e0        0x0 ../libntfs_ext.a(volume.o)
 .text.ntfs_error_set
                0x000000000001e2e0       0x50 ../libntfs_ext.a(volume.o)
 .text.ntfs_attr_free
                0x000000000001e330       0x58 ../libntfs_ext.a(volume.o)
 .text.ntfs_inode_free
                0x000000000001e388       0x78 ../libntfs_ext.a(volume.o)
 .text.__ntfs_volume_release
                0x000000000001e400      0x2a0 ../libntfs_ext.a(volume.o)
 .text.ntfs_volume_alloc
                0x000000000001e6a0       0x34 ../libntfs_ext.a(volume.o)
                0x000000000001e6a0                .ntfs_volume_alloc
 *fill*         0x000000000001e6d4        0x4 60000000
 .text.ntfs_volume_startup
                0x000000000001e6d8      0xcf0 ../libntfs_ext.a(volume.o)
                0x000000000001e6d8                .ntfs_volume_startup
 .text.ntfs_volume_check_hiberfile
                0x000000000001f3c8      0x390 ../libntfs_ext.a(volume.o)
                0x000000000001f3c8                .ntfs_volume_check_hiberfile
 .text.ntfs_set_shown_files
                0x000000000001f758       0xb8 ../libntfs_ext.a(volume.o)
                0x000000000001f758                .ntfs_set_shown_files
 .text.ntfs_set_ignore_case
                0x000000000001f810       0xa0 ../libntfs_ext.a(volume.o)
                0x000000000001f810                .ntfs_set_ignore_case
 .text.ntfs_umount
                0x000000000001f8b0       0x74 ../libntfs_ext.a(volume.o)
                0x000000000001f8b0                .ntfs_umount
 *fill*         0x000000000001f924        0x4 60000000
 .text.ntfs_check_if_mounted
                0x000000000001f928       0x1c ../libntfs_ext.a(volume.o)
                0x000000000001f928                .ntfs_check_if_mounted
 *fill*         0x000000000001f944        0x4 60000000
 .text.ntfs_version_is_supported
                0x000000000001f948       0xb8 ../libntfs_ext.a(volume.o)
                0x000000000001f948                .ntfs_version_is_supported
 .text.ntfs_logfile_reset
                0x000000000001fa00      0x164 ../libntfs_ext.a(volume.o)
                0x000000000001fa00                .ntfs_logfile_reset
 *fill*         0x000000000001fb64        0x4 60000000
 .text.ntfs_device_mount
                0x000000000001fb68      0xf98 ../libntfs_ext.a(volume.o)
                0x000000000001fb68                .ntfs_device_mount
 .text.ntfs_mount
                0x0000000000020b00       0xb4 ../libntfs_ext.a(volume.o)
                0x0000000000020b00                .ntfs_mount
 *fill*         0x0000000000020bb4        0x4 60000000
 .text.ntfs_volume_write_flags
                0x0000000000020bb8      0x228 ../libntfs_ext.a(volume.o)
                0x0000000000020bb8                .ntfs_volume_write_flags
 .text.ntfs_volume_error
                0x0000000000020de0       0x90 ../libntfs_ext.a(volume.o)
                0x0000000000020de0                .ntfs_volume_error
 .text.ntfs_mount_error
                0x0000000000020e70      0x1d8 ../libntfs_ext.a(volume.o)
                0x0000000000020e70                .ntfs_mount_error
 .text.ntfs_set_locale
                0x0000000000021048       0x94 ../libntfs_ext.a(volume.o)
                0x0000000000021048                .ntfs_set_locale
 *fill*         0x00000000000210dc        0x4 60000000
 .text.ntfs_volume_get_free_space
                0x00000000000210e0       0xec ../libntfs_ext.a(volume.o)
                0x00000000000210e0                .ntfs_volume_get_free_space
 *fill*         0x00000000000211cc        0x4 60000000
 .text.ntfs_volume_rename
                0x00000000000211d0      0x3dc ../libntfs_ext.a(volume.o)
                0x00000000000211d0                .ntfs_volume_rename
 .text          0x00000000000215ac        0x0 ../libntfs_ext.a(ext2.o)
 *fill*         0x00000000000215ac        0x4 60000000
 .text.ext2Mount
                0x00000000000215b0      0x32c ../libntfs_ext.a(ext2.o)
                0x00000000000215b0                .ext2Mount
 *fill*         0x00000000000218dc        0x4 60000000
 .text.ext2Unmount
                0x00000000000218e0       0xa8 ../libntfs_ext.a(ext2.o)
                0x00000000000218e0                .ext2Unmount
 .text.ext2GetVolumeName
                0x0000000000021988       0x84 ../libntfs_ext.a(ext2.o)
                0x0000000000021988                .ext2GetVolumeName
 *fill*         0x0000000000021a0c        0x4 60000000
 .text.ext2SetVolumeName
                0x0000000000021a10      0x144 ../libntfs_ext.a(ext2.o)
                0x0000000000021a10                .ext2SetVolumeName
 *fill*         0x0000000000021b54        0x4 60000000
 .text.ext2FindPartitions
                0x0000000000021b58      0x4c0 ../libntfs_ext.a(ext2.o)
                0x0000000000021b58                .ext2FindPartitions
 .text          0x0000000000022018        0x0 ../libntfs_ext.a(ext2_internal.o)
 .text.unlink_proc
                0x0000000000022018       0x68 ../libntfs_ext.a(ext2_internal.o)
 .text.release_blocks_proc
                0x0000000000022080       0x50 ../libntfs_ext.a(ext2_internal.o)
 .text.ext2PathToInode
                0x00000000000220d0      0x204 ../libntfs_ext.a(ext2_internal.o)
 *fill*         0x00000000000222d4        0x4 60000000
 .text.ext2GetDevOpTab
                0x00000000000222d8       0x14 ../libntfs_ext.a(ext2_internal.o)
                0x00000000000222d8                .ext2GetDevOpTab
 *fill*         0x00000000000222ec        0x4 60000000
 .text.ext2AddDevice
                0x00000000000222f0      0x26c ../libntfs_ext.a(ext2_internal.o)
                0x00000000000222f0                .ext2AddDevice
 *fill*         0x000000000002255c        0x4 60000000
 .text.ext2RemoveDevice
                0x0000000000022560      0x158 ../libntfs_ext.a(ext2_internal.o)
                0x0000000000022560                .ext2RemoveDevice
 .text.ext2GetDevice
                0x00000000000226b8      0x124 ../libntfs_ext.a(ext2_internal.o)
                0x00000000000226b8                .ext2GetDevice
 *fill*         0x00000000000227dc        0x4 60000000
 .text.ext2GetVolume
                0x00000000000227e0       0x54 ../libntfs_ext.a(ext2_internal.o)
                0x00000000000227e0                .ext2GetVolume
 *fill*         0x0000000000022834        0x4 60000000
 .text.ext2InitVolume
                0x0000000000022838       0xc8 ../libntfs_ext.a(ext2_internal.o)
                0x0000000000022838                .ext2InitVolume
 .text.ext2CloseEntry
                0x0000000000022900       0xcc ../libntfs_ext.a(ext2_internal.o)
                0x0000000000022900                .ext2CloseEntry
 *fill*         0x00000000000229cc        0x4 60000000
 .text.ext2Sync
                0x00000000000229d0      0x134 ../libntfs_ext.a(ext2_internal.o)
                0x00000000000229d0                .ext2Sync
 *fill*         0x0000000000022b04        0x4 60000000
 .text.ext2DeinitVolume
                0x0000000000022b08       0xfc ../libntfs_ext.a(ext2_internal.o)
                0x0000000000022b08                .ext2DeinitVolume
 *fill*         0x0000000000022c04        0x4 60000000
 .text.ext2UpdateTimes
                0x0000000000022c08       0xc0 ../libntfs_ext.a(ext2_internal.o)
                0x0000000000022c08                .ext2UpdateTimes
 .text.ext2Stat
                0x0000000000022cc8      0x184 ../libntfs_ext.a(ext2_internal.o)
                0x0000000000022cc8                .ext2Stat
 *fill*         0x0000000000022e4c        0x4 60000000
 .text.ext2RealPath
                0x0000000000022e50       0xb4 ../libntfs_ext.a(ext2_internal.o)
                0x0000000000022e50                .ext2RealPath
 *fill*         0x0000000000022f04        0x4 60000000
 .text.ext2OpenEntry
                0x0000000000022f08      0x160 ../libntfs_ext.a(ext2_internal.o)
                0x0000000000022f08                .ext2OpenEntry
 .text.ext2Unlink
                0x0000000000023068      0x3f8 ../libntfs_ext.a(ext2_internal.o)
                0x0000000000023068                .ext2Unlink
 .text.ext2Link
                0x0000000000023460      0x3a4 ../libntfs_ext.a(ext2_internal.o)
                0x0000000000023460                .ext2Link
 *fill*         0x0000000000023804        0x4 60000000
 .text.ext2Create
                0x0000000000023808      0x8a4 ../libntfs_ext.a(ext2_internal.o)
                0x0000000000023808                .ext2Create
 .text          0x00000000000240ac        0x0 ../libntfs_ext.a(ext2dir.o)
 *fill*         0x00000000000240ac        0x4 60000000
 .text.DirIterateCallback
                0x00000000000240b0      0x1dc ../libntfs_ext.a(ext2dir.o)
 *fill*         0x000000000002428c        0x4 60000000
 .text.ext2CloseDir
                0x0000000000024290       0xb0 ../libntfs_ext.a(ext2dir.o)
                0x0000000000024290                .ext2CloseDir
 .text.ext2_stat_r
                0x0000000000024340      0x1b0 ../libntfs_ext.a(ext2dir.o)
                0x0000000000024340                .ext2_stat_r
 .text.ext2_link_r
                0x00000000000244f0      0x104 ../libntfs_ext.a(ext2dir.o)
                0x00000000000244f0                .ext2_link_r
 *fill*         0x00000000000245f4        0x4 60000000
 .text.ext2_unlink_r
                0x00000000000245f8       0x94 ../libntfs_ext.a(ext2dir.o)
                0x00000000000245f8                .ext2_unlink_r
 *fill*         0x000000000002468c        0x4 60000000
 .text.ext2_chdir_r
                0x0000000000024690      0x134 ../libntfs_ext.a(ext2dir.o)
                0x0000000000024690                .ext2_chdir_r
 *fill*         0x00000000000247c4        0x4 60000000
 .text.ext2_rename_r
                0x00000000000247c8      0x1ec ../libntfs_ext.a(ext2dir.o)
                0x00000000000247c8                .ext2_rename_r
 *fill*         0x00000000000249b4        0x4 60000000
 .text.ext2_mkdir_r
                0x00000000000249b8       0xf4 ../libntfs_ext.a(ext2dir.o)
                0x00000000000249b8                .ext2_mkdir_r
 *fill*         0x0000000000024aac        0x4 60000000
 .text.ext2_statvfs_r
                0x0000000000024ab0      0x19c ../libntfs_ext.a(ext2dir.o)
                0x0000000000024ab0                .ext2_statvfs_r
 *fill*         0x0000000000024c4c        0x4 60000000
 .text.ext2_diropen_r
                0x0000000000024c50      0x2ec ../libntfs_ext.a(ext2dir.o)
                0x0000000000024c50                .ext2_diropen_r
 *fill*         0x0000000000024f3c        0x4 60000000
 .text.ext2_dirreset_r
                0x0000000000024f40       0xcc ../libntfs_ext.a(ext2dir.o)
                0x0000000000024f40                .ext2_dirreset_r
 *fill*         0x000000000002500c        0x4 60000000
 .text.ext2_dirnext_r
                0x0000000000025010      0x1d0 ../libntfs_ext.a(ext2dir.o)
                0x0000000000025010                .ext2_dirnext_r
 .text.ext2_dirclose_r
                0x00000000000251e0      0x104 ../libntfs_ext.a(ext2dir.o)
                0x00000000000251e0                .ext2_dirclose_r
 .text          0x00000000000252e4        0x0 ../libntfs_ext.a(ext2file.o)
 *fill*         0x00000000000252e4        0x4 60000000
 .text.ext2CloseFile
                0x00000000000252e8      0x110 ../libntfs_ext.a(ext2file.o)
                0x00000000000252e8                .ext2CloseFile
 .text.ext2_open_r
                0x00000000000253f8      0x3b8 ../libntfs_ext.a(ext2file.o)
                0x00000000000253f8                .ext2_open_r
 .text.ext2_close_r
                0x00000000000257b0       0xdc ../libntfs_ext.a(ext2file.o)
                0x00000000000257b0                .ext2_close_r
 *fill*         0x000000000002588c        0x4 60000000
 .text.ext2_write_r
                0x0000000000025890      0x1bc ../libntfs_ext.a(ext2file.o)
                0x0000000000025890                .ext2_write_r
 *fill*         0x0000000000025a4c        0x4 60000000
 .text.ext2_read_r
                0x0000000000025a50      0x1d4 ../libntfs_ext.a(ext2file.o)
                0x0000000000025a50                .ext2_read_r
 *fill*         0x0000000000025c24        0x4 60000000
 .text.ext2_seek_r
                0x0000000000025c28       0x74 ../libntfs_ext.a(ext2file.o)
                0x0000000000025c28                .ext2_seek_r
 *fill*         0x0000000000025c9c        0x4 60000000
 .text.ext2_seek64_r
                0x0000000000025ca0       0x74 ../libntfs_ext.a(ext2file.o)
                0x0000000000025ca0                .ext2_seek64_r
 *fill*         0x0000000000025d14        0x4 60000000
 .text.ext2_fstat_r
                0x0000000000025d18       0xd4 ../libntfs_ext.a(ext2file.o)
                0x0000000000025d18                .ext2_fstat_r
 *fill*         0x0000000000025dec        0x4 60000000
 .text.ext2_ftruncate_r
                0x0000000000025df0      0x134 ../libntfs_ext.a(ext2file.o)
                0x0000000000025df0                .ext2_ftruncate_r
 *fill*         0x0000000000025f24        0x4 60000000
 .text.ext2_fsync_r
                0x0000000000025f28       0xbc ../libntfs_ext.a(ext2file.o)
                0x0000000000025f28                .ext2_fsync_r
 .text          0x0000000000025fe4        0x0 ../libntfs_ext.a(fileio.o)
 *fill*         0x0000000000025fe4        0x4 60000000
 .text.load_buffer
                0x0000000000025fe8      0x14c ../libntfs_ext.a(fileio.o)
 *fill*         0x0000000000026134        0x4 60000000
 .text.ext2fs_file_open2
                0x0000000000026138      0x178 ../libntfs_ext.a(fileio.o)
                0x0000000000026138                .ext2fs_file_open2
 .text.ext2fs_file_open
                0x00000000000262b0       0x20 ../libntfs_ext.a(fileio.o)
                0x00000000000262b0                .ext2fs_file_open
 .text.ext2fs_file_get_fs
                0x00000000000262d0       0x30 ../libntfs_ext.a(fileio.o)
                0x00000000000262d0                .ext2fs_file_get_fs
 .text.ext2fs_file_get_inode
                0x0000000000026300       0x30 ../libntfs_ext.a(fileio.o)
                0x0000000000026300                .ext2fs_file_get_inode
 .text.ext2fs_file_get_inode_num
                0x0000000000026330       0x30 ../libntfs_ext.a(fileio.o)
                0x0000000000026330                .ext2fs_file_get_inode_num
 .text.ext2fs_file_flush
                0x0000000000026360      0x120 ../libntfs_ext.a(fileio.o)
                0x0000000000026360                .ext2fs_file_flush
 .text.ext2fs_file_close
                0x0000000000026480       0xa0 ../libntfs_ext.a(fileio.o)
                0x0000000000026480                .ext2fs_file_close
 .text.ext2fs_file_read
                0x0000000000026520      0x220 ../libntfs_ext.a(fileio.o)
                0x0000000000026520                .ext2fs_file_read
 .text.ext2fs_file_write
                0x0000000000026740      0x230 ../libntfs_ext.a(fileio.o)
                0x0000000000026740                .ext2fs_file_write
 .text.ext2fs_file_llseek
                0x0000000000026970       0x94 ../libntfs_ext.a(fileio.o)
                0x0000000000026970                .ext2fs_file_llseek
 *fill*         0x0000000000026a04        0x4 60000000
 .text.ext2fs_file_lseek
                0x0000000000026a08       0x58 ../libntfs_ext.a(fileio.o)
                0x0000000000026a08                .ext2fs_file_lseek
 .text.ext2fs_file_get_lsize
                0x0000000000026a60       0x44 ../libntfs_ext.a(fileio.o)
                0x0000000000026a60                .ext2fs_file_get_lsize
 *fill*         0x0000000000026aa4        0x4 60000000
 .text.ext2fs_file_get_size
                0x0000000000026aa8       0x58 ../libntfs_ext.a(fileio.o)
                0x0000000000026aa8                .ext2fs_file_get_size
 .text.ext2fs_file_set_size2
                0x0000000000026b00      0x140 ../libntfs_ext.a(fileio.o)
                0x0000000000026b00                .ext2fs_file_set_size2
 .text.ext2fs_file_set_size
                0x0000000000026c40       0x10 ../libntfs_ext.a(fileio.o)
                0x0000000000026c40                .ext2fs_file_set_size
 .text          0x0000000000026c50        0x0 ../libntfs_ext.a(freefs.o)
 .text.ext2fs_u32_list_free
                0x0000000000026c50       0x88 ../libntfs_ext.a(freefs.o)
                0x0000000000026c50                .ext2fs_u32_list_free
 .text.ext2fs_badblocks_list_free
                0x0000000000026cd8       0x10 ../libntfs_ext.a(freefs.o)
                0x0000000000026cd8                .ext2fs_badblocks_list_free
 .text.ext2fs_free_dblist
                0x0000000000026ce8       0xbc ../libntfs_ext.a(freefs.o)
                0x0000000000026ce8                .ext2fs_free_dblist
 *fill*         0x0000000000026da4        0x4 60000000
 .text.ext2fs_free
                0x0000000000026da8      0x270 ../libntfs_ext.a(freefs.o)
                0x0000000000026da8                .ext2fs_free
 .text          0x0000000000027018        0x0 ../libntfs_ext.a(gekko_io2.o)
 .text.device_gekko_io_stat
                0x0000000000027018       0x4c ../libntfs_ext.a(gekko_io2.o)
 *fill*         0x0000000000027064        0x4 60000000
 .text.device_gekko_discard
                0x0000000000027068       0x14 ../libntfs_ext.a(gekko_io2.o)
 *fill*         0x000000000002707c        0x4 60000000
 .text.device_gekko_set_option
                0x0000000000027080      0x104 ../libntfs_ext.a(gekko_io2.o)
 *fill*         0x0000000000027184        0x4 60000000
 .text.device_gekko_io_sync
                0x0000000000027188       0x84 ../libntfs_ext.a(gekko_io2.o)
 *fill*         0x000000000002720c        0x4 60000000
 .text.device_gekko_set_blksize
                0x0000000000027210       0x50 ../libntfs_ext.a(gekko_io2.o)
 .text.device_gekko_io_close
                0x0000000000027260       0x94 ../libntfs_ext.a(gekko_io2.o)
 *fill*         0x00000000000272f4        0x4 60000000
 .text.device_gekko_io_readsectors.clone.0
                0x00000000000272f8       0xb4 ../libntfs_ext.a(gekko_io2.o)
 *fill*         0x00000000000273ac        0x4 60000000
 .text.device_gekko_io_writesectors.clone.1
                0x00000000000273b0       0xb4 ../libntfs_ext.a(gekko_io2.o)
 *fill*         0x0000000000027464        0x4 60000000
 .text.device_gekko_io_write64
                0x0000000000027468      0x3a8 ../libntfs_ext.a(gekko_io2.o)
 .text.device_gekko_io_write
                0x0000000000027810       0x10 ../libntfs_ext.a(gekko_io2.o)
 .text.device_gekko_io_read64
                0x0000000000027820      0x30c ../libntfs_ext.a(gekko_io2.o)
 *fill*         0x0000000000027b2c        0x4 60000000
 .text.device_gekko_io_read
                0x0000000000027b30       0x10 ../libntfs_ext.a(gekko_io2.o)
 .text.device_gekko_io_open
                0x0000000000027b40      0x464 ../libntfs_ext.a(gekko_io2.o)
 .text          0x0000000000027fa4        0x0 ../libntfs_ext.a(inode2.o)
 *fill*         0x0000000000027fa4        0x4 60000000
 .text.create_icache
                0x0000000000027fa8      0x1d0 ../libntfs_ext.a(inode2.o)
 .text.get_next_blockgroup
                0x0000000000028178       0xf0 ../libntfs_ext.a(inode2.o)
 .text.ext2fs_flush_icache
                0x0000000000028268       0x68 ../libntfs_ext.a(inode2.o)
                0x0000000000028268                .ext2fs_flush_icache
 .text.ext2fs_open_inode_scan
                0x00000000000282d0      0x2ac ../libntfs_ext.a(inode2.o)
                0x00000000000282d0                .ext2fs_open_inode_scan
 *fill*         0x000000000002857c        0x4 60000000
 .text.ext2fs_close_inode_scan
                0x0000000000028580       0xa4 ../libntfs_ext.a(inode2.o)
                0x0000000000028580                .ext2fs_close_inode_scan
 *fill*         0x0000000000028624        0x4 60000000
 .text.ext2fs_set_inode_callback
                0x0000000000028628       0x34 ../libntfs_ext.a(inode2.o)
                0x0000000000028628                .ext2fs_set_inode_callback
 *fill*         0x000000000002865c        0x4 60000000
 .text.ext2fs_inode_scan_flags
                0x0000000000028660       0x48 ../libntfs_ext.a(inode2.o)
                0x0000000000028660                .ext2fs_inode_scan_flags
 .text.ext2fs_inode_scan_goto_blockgroup
                0x00000000000286a8       0x28 ../libntfs_ext.a(inode2.o)
                0x00000000000286a8                .ext2fs_inode_scan_goto_blockgroup
 .text.ext2fs_get_next_inode_full
                0x00000000000286d0      0x468 ../libntfs_ext.a(inode2.o)
                0x00000000000286d0                .ext2fs_get_next_inode_full
 .text.ext2fs_get_next_inode
                0x0000000000028b38       0x14 ../libntfs_ext.a(inode2.o)
                0x0000000000028b38                .ext2fs_get_next_inode
 *fill*         0x0000000000028b4c        0x4 60000000
 .text.ext2fs_read_inode_full
                0x0000000000028b50      0x470 ../libntfs_ext.a(inode2.o)
                0x0000000000028b50                .ext2fs_read_inode_full
 .text.ext2fs_read_inode
                0x0000000000028fc0       0x14 ../libntfs_ext.a(inode2.o)
                0x0000000000028fc0                .ext2fs_read_inode
 *fill*         0x0000000000028fd4        0x4 60000000
 .text.ext2fs_write_inode_full
                0x0000000000028fd8      0x418 ../libntfs_ext.a(inode2.o)
                0x0000000000028fd8                .ext2fs_write_inode_full
 .text.ext2fs_write_inode
                0x00000000000293f0       0x14 ../libntfs_ext.a(inode2.o)
                0x00000000000293f0                .ext2fs_write_inode
 *fill*         0x0000000000029404        0x4 60000000
 .text.ext2fs_write_new_inode
                0x0000000000029408      0x1a8 ../libntfs_ext.a(inode2.o)
                0x0000000000029408                .ext2fs_write_new_inode
 .text.ext2fs_get_blocks
                0x00000000000295b0      0x108 ../libntfs_ext.a(inode2.o)
                0x00000000000295b0                .ext2fs_get_blocks
 .text.ext2fs_check_directory
                0x00000000000296b8       0xe8 ../libntfs_ext.a(inode2.o)
                0x00000000000296b8                .ext2fs_check_directory
 .text          0x00000000000297a0        0x0 ../libntfs_ext.a(io_manager.o)
 .text.io_channel_set_options
                0x00000000000297a0      0x1c4 ../libntfs_ext.a(io_manager.o)
                0x00000000000297a0                .io_channel_set_options
 *fill*         0x0000000000029964        0x4 60000000
 .text.io_channel_write_byte
                0x0000000000029968       0x90 ../libntfs_ext.a(io_manager.o)
                0x0000000000029968                .io_channel_write_byte
 .text.io_channel_read_blk64
                0x00000000000299f8       0xa8 ../libntfs_ext.a(io_manager.o)
                0x00000000000299f8                .io_channel_read_blk64
 .text.io_channel_write_blk64
                0x0000000000029aa0       0xa8 ../libntfs_ext.a(io_manager.o)
                0x0000000000029aa0                .io_channel_write_blk64
 .text.io_channel_discard
                0x0000000000029b48       0x90 ../libntfs_ext.a(io_manager.o)
                0x0000000000029b48                .io_channel_discard
 .text.io_channel_alloc_buf
                0x0000000000029bd8       0xd0 ../libntfs_ext.a(io_manager.o)
                0x0000000000029bd8                .io_channel_alloc_buf
 .text          0x0000000000029ca8        0x0 ../libntfs_ext.a(link.o)
 .text.link_proc
                0x0000000000029ca8      0x23c ../libntfs_ext.a(link.o)
 *fill*         0x0000000000029ee4        0x4 60000000
 .text.ext2fs_link
                0x0000000000029ee8      0x178 ../libntfs_ext.a(link.o)
                0x0000000000029ee8                .ext2fs_link
 .text          0x000000000002a060        0x0 ../libntfs_ext.a(mkdir.o)
 .text.ext2fs_mkdir
                0x000000000002a060      0x428 ../libntfs_ext.a(mkdir.o)
                0x000000000002a060                .ext2fs_mkdir
 .text          0x000000000002a488        0x0 ../libntfs_ext.a(namei.o)
 .text.follow_link
                0x000000000002a488      0x1cc ../libntfs_ext.a(namei.o)
 *fill*         0x000000000002a654        0x4 60000000
 .text.open_namei
                0x000000000002a658      0x240 ../libntfs_ext.a(namei.o)
 .text.ext2fs_namei
                0x000000000002a898      0x104 ../libntfs_ext.a(namei.o)
                0x000000000002a898                .ext2fs_namei
 *fill*         0x000000000002a99c        0x4 60000000
 .text.ext2fs_namei_follow
                0x000000000002a9a0      0x104 ../libntfs_ext.a(namei.o)
                0x000000000002a9a0                .ext2fs_namei_follow
 *fill*         0x000000000002aaa4        0x4 60000000
 .text.ext2fs_follow_link
                0x000000000002aaa8       0xec ../libntfs_ext.a(namei.o)
                0x000000000002aaa8                .ext2fs_follow_link
 .text          0x000000000002ab94        0x0 ../libntfs_ext.a(newdir.o)
 *fill*         0x000000000002ab94        0x4 60000000
 .text.ext2fs_new_dir_block
                0x000000000002ab98      0x178 ../libntfs_ext.a(newdir.o)
                0x000000000002ab98                .ext2fs_new_dir_block
 .text          0x000000000002ad10        0x0 ../libntfs_ext.a(openfs.o)
 .text.ext2fs_descriptor_block_loc2
                0x000000000002ad10      0x120 ../libntfs_ext.a(openfs.o)
                0x000000000002ad10                .ext2fs_descriptor_block_loc2
 .text.ext2fs_descriptor_block_loc
                0x000000000002ae30       0x30 ../libntfs_ext.a(openfs.o)
                0x000000000002ae30                .ext2fs_descriptor_block_loc
 .text.ext2fs_open2
                0x000000000002ae60      0xb38 ../libntfs_ext.a(openfs.o)
                0x000000000002ae60                .ext2fs_open2
 .text.ext2fs_open
                0x000000000002b998       0x38 ../libntfs_ext.a(openfs.o)
                0x000000000002b998                .ext2fs_open
 .text.ext2fs_get_data_io
                0x000000000002b9d0       0x5c ../libntfs_ext.a(openfs.o)
                0x000000000002b9d0                .ext2fs_get_data_io
 *fill*         0x000000000002ba2c        0x4 60000000
 .text.ext2fs_set_data_io
                0x000000000002ba30       0x44 ../libntfs_ext.a(openfs.o)
                0x000000000002ba30                .ext2fs_set_data_io
 *fill*         0x000000000002ba74        0x4 60000000
 .text.ext2fs_rewrite_to_io
                0x000000000002ba78       0x48 ../libntfs_ext.a(openfs.o)
                0x000000000002ba78                .ext2fs_rewrite_to_io
 .text          0x000000000002bac0        0x0 ../libntfs_ext.a(punch.o)
 .text.ind_punch
                0x000000000002bac0      0x288 ../libntfs_ext.a(punch.o)
 .text.ext2fs_punch
                0x000000000002bd48      0x534 ../libntfs_ext.a(punch.o)
                0x000000000002bd48                .ext2fs_punch
 .text          0x000000000002c27c        0x0 ../libntfs_ext.a(read_bb.o)
 *fill*         0x000000000002c27c        0x4 60000000
 .text.mark_bad_block
                0x000000000002c280       0xa4 ../libntfs_ext.a(read_bb.o)
 *fill*         0x000000000002c324        0x4 60000000
 .text.ext2fs_read_bb_inode
                0x000000000002c328      0x160 ../libntfs_ext.a(read_bb.o)
                0x000000000002c328                .ext2fs_read_bb_inode
 .text          0x000000000002c488        0x0 ../libntfs_ext.a(rw_bitmaps.o)
 .text.write_bitmaps
                0x000000000002c488      0x424 ../libntfs_ext.a(rw_bitmaps.o)
 *fill*         0x000000000002c8ac        0x4 60000000
 .text.ext2fs_write_bitmaps
                0x000000000002c8b0       0x58 ../libntfs_ext.a(rw_bitmaps.o)
                0x000000000002c8b0                .ext2fs_write_bitmaps
 .text.read_bitmaps
                0x000000000002c908      0x6f8 ../libntfs_ext.a(rw_bitmaps.o)
 .text.ext2fs_read_inode_bitmap
                0x000000000002d000       0x18 ../libntfs_ext.a(rw_bitmaps.o)
                0x000000000002d000                .ext2fs_read_inode_bitmap
 .text.ext2fs_read_block_bitmap
                0x000000000002d018       0x18 ../libntfs_ext.a(rw_bitmaps.o)
                0x000000000002d018                .ext2fs_read_block_bitmap
 .text.ext2fs_write_inode_bitmap
                0x000000000002d030       0x18 ../libntfs_ext.a(rw_bitmaps.o)
                0x000000000002d030                .ext2fs_write_inode_bitmap
 .text.ext2fs_write_block_bitmap
                0x000000000002d048       0x18 ../libntfs_ext.a(rw_bitmaps.o)
                0x000000000002d048                .ext2fs_write_block_bitmap
 .text.ext2fs_read_bitmaps
                0x000000000002d060       0x4c ../libntfs_ext.a(rw_bitmaps.o)
                0x000000000002d060                .ext2fs_read_bitmaps
 .text          0x000000000002d0ac        0x0 ../libntfs_ext.a(swapfs.o)
 *fill*         0x000000000002d0ac        0x4 60000000
 .text.ext2fs_swap_super
                0x000000000002d0b0      0x4b4 ../libntfs_ext.a(swapfs.o)
                0x000000000002d0b0                .ext2fs_swap_super
 *fill*         0x000000000002d564        0x4 60000000
 .text.ext2fs_swap_group_desc2
                0x000000000002d568      0x1dc ../libntfs_ext.a(swapfs.o)
                0x000000000002d568                .ext2fs_swap_group_desc2
 *fill*         0x000000000002d744        0x4 60000000
 .text.ext2fs_swap_group_desc
                0x000000000002d748       0x18 ../libntfs_ext.a(swapfs.o)
                0x000000000002d748                .ext2fs_swap_group_desc
 .text.ext2fs_swap_ext_attr_header
                0x000000000002d760       0x5c ../libntfs_ext.a(swapfs.o)
                0x000000000002d760                .ext2fs_swap_ext_attr_header
 *fill*         0x000000000002d7bc        0x4 60000000
 .text.ext2fs_swap_ext_attr_entry
                0x000000000002d7c0       0x48 ../libntfs_ext.a(swapfs.o)
                0x000000000002d7c0                .ext2fs_swap_ext_attr_entry
 .text.ext2fs_swap_ext_attr
                0x000000000002d808       0xd4 ../libntfs_ext.a(swapfs.o)
                0x000000000002d808                .ext2fs_swap_ext_attr
 *fill*         0x000000000002d8dc        0x4 60000000
 .text.ext2fs_swap_inode_full
                0x000000000002d8e0      0x504 ../libntfs_ext.a(swapfs.o)
                0x000000000002d8e0                .ext2fs_swap_inode_full
 *fill*         0x000000000002dde4        0x4 60000000
 .text.ext2fs_swap_inode
                0x000000000002dde8       0x14 ../libntfs_ext.a(swapfs.o)
                0x000000000002dde8                .ext2fs_swap_inode
 *fill*         0x000000000002ddfc        0x4 60000000
 .text.ext2fs_swap_mmp
                0x000000000002de00       0x7c ../libntfs_ext.a(swapfs.o)
                0x000000000002de00                .ext2fs_swap_mmp
 .text          0x000000000002de7c        0x0 ../libntfs_ext.a(unlink.o)
 *fill*         0x000000000002de7c        0x4 60000000
 .text.unlink_proc
                0x000000000002de80      0x12c ../libntfs_ext.a(unlink.o)
 *fill*         0x000000000002dfac        0x4 60000000
 .text.ext2fs_unlink
                0x000000000002dfb0      0x10c ../libntfs_ext.a(unlink.o)
                0x000000000002dfb0                .ext2fs_unlink
 .text          0x000000000002e0bc        0x0 ../libntfs_ext.a(valid_blk.o)
 *fill*         0x000000000002e0bc        0x4 60000000
 .text.ext2fs_inode_has_valid_blocks2
                0x000000000002e0c0       0xc4 ../libntfs_ext.a(valid_blk.o)
                0x000000000002e0c0                .ext2fs_inode_has_valid_blocks2
 *fill*         0x000000000002e184        0x4 60000000
 .text.ext2fs_inode_has_valid_blocks
                0x000000000002e188       0x18 ../libntfs_ext.a(valid_blk.o)
                0x000000000002e188                .ext2fs_inode_has_valid_blocks
 .text          0x000000000002e1a0        0x0 ../libntfs_ext.a(attrib.o)
 .text.ntfs_attr_find
                0x000000000002e1a0      0x384 ../libntfs_ext.a(attrib.o)
 *fill*         0x000000000002e524        0x4 60000000
 .text.ntfs_attr_fill_zero
                0x000000000002e528      0x210 ../libntfs_ext.a(attrib.o)
 .text.NAttrCompressed
                0x000000000002e738       0x48 ../libntfs_ext.a(attrib.o)
                0x000000000002e738                .NAttrCompressed
 .text.NAttrSetCompressed
                0x000000000002e780       0x40 ../libntfs_ext.a(attrib.o)
                0x000000000002e780                .NAttrSetCompressed
 .text.NAttrClearCompressed
                0x000000000002e7c0       0x44 ../libntfs_ext.a(attrib.o)
                0x000000000002e7c0                .NAttrClearCompressed
 *fill*         0x000000000002e804        0x4 60000000
 .text.NAttrEncrypted
                0x000000000002e808       0x48 ../libntfs_ext.a(attrib.o)
                0x000000000002e808                .NAttrEncrypted
 .text.NAttrSetEncrypted
                0x000000000002e850       0x40 ../libntfs_ext.a(attrib.o)
                0x000000000002e850                .NAttrSetEncrypted
 .text.NAttrClearEncrypted
                0x000000000002e890       0x44 ../libntfs_ext.a(attrib.o)
                0x000000000002e890                .NAttrClearEncrypted
 *fill*         0x000000000002e8d4        0x4 60000000
 .text.NAttrSparse
                0x000000000002e8d8       0x48 ../libntfs_ext.a(attrib.o)
                0x000000000002e8d8                .NAttrSparse
 .text.NAttrSetSparse
                0x000000000002e920       0x40 ../libntfs_ext.a(attrib.o)
                0x000000000002e920                .NAttrSetSparse
 .text.NAttrClearSparse
                0x000000000002e960       0x44 ../libntfs_ext.a(attrib.o)
                0x000000000002e960                .NAttrClearSparse
 *fill*         0x000000000002e9a4        0x4 60000000
 .text.ntfs_get_attribute_value_length
                0x000000000002e9a8      0x128 ../libntfs_ext.a(attrib.o)
                0x000000000002e9a8                .ntfs_get_attribute_value_length
 .text.ntfs_get_attribute_value
                0x000000000002ead0      0x5b8 ../libntfs_ext.a(attrib.o)
                0x000000000002ead0                .ntfs_get_attribute_value
 .text.ntfs_attr_init
                0x000000000002f088      0x160 ../libntfs_ext.a(attrib.o)
                0x000000000002f088                .ntfs_attr_init
 .text.ntfs_attr_close
                0x000000000002f1e8       0xa4 ../libntfs_ext.a(attrib.o)
                0x000000000002f1e8                .ntfs_attr_close
 *fill*         0x000000000002f28c        0x4 60000000
 .text.ntfs_attr_name_free
                0x000000000002f290       0x50 ../libntfs_ext.a(attrib.o)
                0x000000000002f290                .ntfs_attr_name_free
 .text.ntfs_attr_name_get
                0x000000000002f2e0       0x9c ../libntfs_ext.a(attrib.o)
                0x000000000002f2e0                .ntfs_attr_name_get
 *fill*         0x000000000002f37c        0x4 60000000
 .text.ntfs_attr_reinit_search_ctx
                0x000000000002f380       0xa4 ../libntfs_ext.a(attrib.o)
                0x000000000002f380                .ntfs_attr_reinit_search_ctx
 *fill*         0x000000000002f424        0x4 60000000
 .text.ntfs_attr_lookup
                0x000000000002f428      0x9b0 ../libntfs_ext.a(attrib.o)
                0x000000000002f428                .ntfs_attr_lookup
 .text.ntfs_attr_position
                0x000000000002fdd8       0xa8 ../libntfs_ext.a(attrib.o)
                0x000000000002fdd8                .ntfs_attr_position
 .text.ntfs_attr_get_search_ctx
                0x000000000002fe80       0xec ../libntfs_ext.a(attrib.o)
                0x000000000002fe80                .ntfs_attr_get_search_ctx
 *fill*         0x000000000002ff6c        0x4 60000000
 .text.ntfs_attr_map_whole_runlist
                0x000000000002ff70      0x484 ../libntfs_ext.a(attrib.o)
                0x000000000002ff70                .ntfs_attr_map_whole_runlist
 *fill*         0x00000000000303f4        0x4 60000000
 .text.ntfs_attr_map_runlist
                0x00000000000303f8      0x104 ../libntfs_ext.a(attrib.o)
                0x00000000000303f8                .ntfs_attr_map_runlist
 *fill*         0x00000000000304fc        0x4 60000000
 .text.ntfs_attr_find_vcn
                0x0000000000030500      0x1ac ../libntfs_ext.a(attrib.o)
                0x0000000000030500                .ntfs_attr_find_vcn
 *fill*         0x00000000000306ac        0x4 60000000
 .text.ntfs_attr_fill_hole
                0x00000000000306b0      0x538 ../libntfs_ext.a(attrib.o)
 .text.ntfs_attr_vcn_to_lcn
                0x0000000000030be8       0xcc ../libntfs_ext.a(attrib.o)
                0x0000000000030be8                .ntfs_attr_vcn_to_lcn
 *fill*         0x0000000000030cb4        0x4 60000000
 .text.ntfs_attr_pread
                0x0000000000030cb8      0x760 ../libntfs_ext.a(attrib.o)
                0x0000000000030cb8                .ntfs_attr_pread
 .text.ntfs_attr_mst_pread
                0x0000000000031418      0x154 ../libntfs_ext.a(attrib.o)
                0x0000000000031418                .ntfs_attr_mst_pread
 *fill*         0x000000000003156c        0x4 60000000
 .text.ntfs_attr_open
                0x0000000000031570      0x70c ../libntfs_ext.a(attrib.o)
                0x0000000000031570                .ntfs_attr_open
 *fill*         0x0000000000031c7c        0x4 60000000
 .text.ntfs_attr_put_search_ctx
                0x0000000000031c80       0x30 ../libntfs_ext.a(attrib.o)
                0x0000000000031c80                .ntfs_attr_put_search_ctx
 .text.ntfs_attr_find_in_attrdef
                0x0000000000031cb0      0x130 ../libntfs_ext.a(attrib.o)
                0x0000000000031cb0                .ntfs_attr_find_in_attrdef
 .text.ntfs_attr_can_be_non_resident
                0x0000000000031de0       0xc4 ../libntfs_ext.a(attrib.o)
 *fill*         0x0000000000031ea4        0x4 60000000
 .text.ntfs_attr_size_bounds_check
                0x0000000000031ea8      0x2a4 ../libntfs_ext.a(attrib.o)
                0x0000000000031ea8                .ntfs_attr_size_bounds_check
 *fill*         0x000000000003214c        0x4 60000000
 .text.ntfs_attr_can_be_resident
                0x0000000000032150       0x8c ../libntfs_ext.a(attrib.o)
                0x0000000000032150                .ntfs_attr_can_be_resident
 *fill*         0x00000000000321dc        0x4 60000000
 .text.ntfs_make_room_for_attr
                0x00000000000321e0      0x15c ../libntfs_ext.a(attrib.o)
                0x00000000000321e0                .ntfs_make_room_for_attr
 *fill*         0x000000000003233c        0x4 60000000
 .text.ntfs_attr_set_flags
                0x0000000000032340      0x100 ../libntfs_ext.a(attrib.o)
                0x0000000000032340                .ntfs_attr_set_flags
 .text.ntfs_attr_record_resize
                0x0000000000032440      0x134 ../libntfs_ext.a(attrib.o)
                0x0000000000032440                .ntfs_attr_record_resize
 *fill*         0x0000000000032574        0x4 60000000
 .text.ntfs_attr_record_rm
                0x0000000000032578      0x2d0 ../libntfs_ext.a(attrib.o)
                0x0000000000032578                .ntfs_attr_record_rm
 .text.ntfs_attr_rm
                0x0000000000032848      0x17c ../libntfs_ext.a(attrib.o)
                0x0000000000032848                .ntfs_attr_rm
 *fill*         0x00000000000329c4        0x4 60000000
 .text.ntfs_non_resident_attr_record_add
                0x00000000000329c8      0x5c8 ../libntfs_ext.a(attrib.o)
                0x00000000000329c8                .ntfs_non_resident_attr_record_add
 .text.ntfs_resident_attr_record_add
                0x0000000000032f90      0x440 ../libntfs_ext.a(attrib.o)
                0x0000000000032f90                .ntfs_resident_attr_record_add
 .text.ntfs_resident_attr_value_resize
                0x00000000000333d0       0xc0 ../libntfs_ext.a(attrib.o)
                0x00000000000333d0                .ntfs_resident_attr_value_resize
 .text.ntfs_attr_record_move_to
                0x0000000000033490      0x2e4 ../libntfs_ext.a(attrib.o)
                0x0000000000033490                .ntfs_attr_record_move_to
 *fill*         0x0000000000033774        0x4 60000000
 .text.ntfs_attr_record_move_away
                0x0000000000033778      0x2d0 ../libntfs_ext.a(attrib.o)
                0x0000000000033778                .ntfs_attr_record_move_away
 .text.ntfs_attr_update_mapping_pairs
                0x0000000000033a48     0x12c8 ../libntfs_ext.a(attrib.o)
                0x0000000000033a48                .ntfs_attr_update_mapping_pairs
 .text.ntfs_non_resident_attr_expand_i
                0x0000000000034d10      0x6c4 ../libntfs_ext.a(attrib.o)
 *fill*         0x00000000000353d4        0x4 60000000
 .text.ntfs_attr_pclose
                0x00000000000353d8      0x6d4 ../libntfs_ext.a(attrib.o)
                0x00000000000353d8                .ntfs_attr_pclose
 *fill*         0x0000000000035aac        0x4 60000000
 .text.ntfs_attr_pwrite
                0x0000000000035ab0     0x1adc ../libntfs_ext.a(attrib.o)
                0x0000000000035ab0                .ntfs_attr_pwrite
 *fill*         0x000000000003758c        0x4 60000000
 .text.ntfs_attr_make_non_resident
                0x0000000000037590      0x5f4 ../libntfs_ext.a(attrib.o)
                0x0000000000037590                .ntfs_attr_make_non_resident
 *fill*         0x0000000000037b84        0x4 60000000
 .text.ntfs_resident_attr_resize_i
                0x0000000000037b88      0x9bc ../libntfs_ext.a(attrib.o)
 *fill*         0x0000000000038544        0x4 60000000
 .text.ntfs_attr_truncate_i
                0x0000000000038548      0x9f8 ../libntfs_ext.a(attrib.o)
 .text.ntfs_attr_force_non_resident
                0x0000000000038f40       0x94 ../libntfs_ext.a(attrib.o)
                0x0000000000038f40                .ntfs_attr_force_non_resident
 *fill*         0x0000000000038fd4        0x4 60000000
 .text.ntfs_attr_add
                0x0000000000038fd8      0x7fc ../libntfs_ext.a(attrib.o)
                0x0000000000038fd8                .ntfs_attr_add
 *fill*         0x00000000000397d4        0x4 60000000
 .text.ntfs_attr_mst_pwrite
                0x00000000000397d8      0x21c ../libntfs_ext.a(attrib.o)
                0x00000000000397d8                .ntfs_attr_mst_pwrite
 *fill*         0x00000000000399f4        0x4 60000000
 .text.ntfs_attr_truncate
                0x00000000000399f8       0x4c ../libntfs_ext.a(attrib.o)
                0x00000000000399f8                .ntfs_attr_truncate
 *fill*         0x0000000000039a44        0x4 60000000
 .text.ntfs_attr_truncate_solid
                0x0000000000039a48       0x14 ../libntfs_ext.a(attrib.o)
                0x0000000000039a48                .ntfs_attr_truncate_solid
 *fill*         0x0000000000039a5c        0x4 60000000
 .text.ntfs_attr_readall
                0x0000000000039a60      0x114 ../libntfs_ext.a(attrib.o)
                0x0000000000039a60                .ntfs_attr_readall
 *fill*         0x0000000000039b74        0x4 60000000
 .text.ntfs_attr_data_read
                0x0000000000039b78      0x16c ../libntfs_ext.a(attrib.o)
                0x0000000000039b78                .ntfs_attr_data_read
 *fill*         0x0000000000039ce4        0x4 60000000
 .text.ntfs_attr_data_write
                0x0000000000039ce8      0x14c ../libntfs_ext.a(attrib.o)
                0x0000000000039ce8                .ntfs_attr_data_write
 *fill*         0x0000000000039e34        0x4 60000000
 .text.ntfs_attr_exist
                0x0000000000039e38       0xac ../libntfs_ext.a(attrib.o)
                0x0000000000039e38                .ntfs_attr_exist
 *fill*         0x0000000000039ee4        0x4 60000000
 .text.ntfs_attr_remove
                0x0000000000039ee8      0x130 ../libntfs_ext.a(attrib.o)
                0x0000000000039ee8                .ntfs_attr_remove
 .text.ntfs_attr_get_free_bits
                0x000000000003a018      0x258 ../libntfs_ext.a(attrib.o)
                0x000000000003a018                .ntfs_attr_get_free_bits
 .text          0x000000000003a270        0x0 ../libntfs_ext.a(attrlist.o)
 .text.ntfs_attrlist_need
                0x000000000003a270      0x170 ../libntfs_ext.a(attrlist.o)
                0x000000000003a270                .ntfs_attrlist_need
 .text.ntfs_attrlist_entry_add
                0x000000000003a3e0      0x694 ../libntfs_ext.a(attrlist.o)
                0x000000000003a3e0                .ntfs_attrlist_entry_add
 *fill*         0x000000000003aa74        0x4 60000000
 .text.ntfs_attrlist_entry_rm
                0x000000000003aa78      0x234 ../libntfs_ext.a(attrlist.o)
                0x000000000003aa78                .ntfs_attrlist_entry_rm
 .text          0x000000000003acac        0x0 ../libntfs_ext.a(bootsect.o)
 *fill*         0x000000000003acac        0x4 60000000
 .text.ntfs_boot_sector_is_ntfs
                0x000000000003acb0      0x47c ../libntfs_ext.a(bootsect.o)
                0x000000000003acb0                .ntfs_boot_sector_is_ntfs
 *fill*         0x000000000003b12c        0x4 60000000
 .text.ntfs_boot_sector_parse
                0x000000000003b130      0x4ec ../libntfs_ext.a(bootsect.o)
                0x000000000003b130                .ntfs_boot_sector_parse
 .text          0x000000000003b61c        0x0 ../libntfs_ext.a(cache.o)
 *fill*         0x000000000003b61c        0x4 60000000
 .text.ntfs_free_cache
                0x000000000003b620       0xac ../libntfs_ext.a(cache.o)
 *fill*         0x000000000003b6cc        0x4 60000000
 .text.do_invalidate
                0x000000000003b6d0       0xec ../libntfs_ext.a(cache.o)
 *fill*         0x000000000003b7bc        0x4 60000000
 .text.ntfs_create_cache
                0x000000000003b7c0      0x238 ../libntfs_ext.a(cache.o)
 .text.drophashindex
                0x000000000003b9f8      0x144 ../libntfs_ext.a(cache.o)
 *fill*         0x000000000003bb3c        0x4 60000000
 .text.ntfs_fetch_cache
                0x000000000003bb40      0x1d4 ../libntfs_ext.a(cache.o)
                0x000000000003bb40                .ntfs_fetch_cache
 *fill*         0x000000000003bd14        0x4 60000000
 .text.ntfs_enter_cache
                0x000000000003bd18      0x40c ../libntfs_ext.a(cache.o)
                0x000000000003bd18                .ntfs_enter_cache
 *fill*         0x000000000003c124        0x4 60000000
 .text.ntfs_invalidate_cache
                0x000000000003c128      0x238 ../libntfs_ext.a(cache.o)
                0x000000000003c128                .ntfs_invalidate_cache
 .text.ntfs_remove_cache
                0x000000000003c360       0xa8 ../libntfs_ext.a(cache.o)
                0x000000000003c360                .ntfs_remove_cache
 .text.ntfs_create_lru_caches
                0x000000000003c408       0xd4 ../libntfs_ext.a(cache.o)
                0x000000000003c408                .ntfs_create_lru_caches
 *fill*         0x000000000003c4dc        0x4 60000000
 .text.ntfs_free_lru_caches
                0x000000000003c4e0       0x58 ../libntfs_ext.a(cache.o)
                0x000000000003c4e0                .ntfs_free_lru_caches
 .text          0x000000000003c538        0x0 ../libntfs_ext.a(cache2.o)
 .text._NTFS_cache_getPage
                0x000000000003c538      0x2b0 ../libntfs_ext.a(cache2.o)
 .text._NTFS_cache_findPage.clone.0
                0x000000000003c7e8       0x70 ../libntfs_ext.a(cache2.o)
 .text._NTFS_cache_constructor
                0x000000000003c858      0x190 ../libntfs_ext.a(cache2.o)
                0x000000000003c858                ._NTFS_cache_constructor
 .text._NTFS_cache_readSectors
                0x000000000003c9e8      0x134 ../libntfs_ext.a(cache2.o)
                0x000000000003c9e8                ._NTFS_cache_readSectors
 *fill*         0x000000000003cb1c        0x4 60000000
 .text._NTFS_cache_readPartialSector
                0x000000000003cb20       0xe8 ../libntfs_ext.a(cache2.o)
                0x000000000003cb20                ._NTFS_cache_readPartialSector
 .text._NTFS_cache_readLittleEndianValue
                0x000000000003cc08      0x10c ../libntfs_ext.a(cache2.o)
                0x000000000003cc08                ._NTFS_cache_readLittleEndianValue
 *fill*         0x000000000003cd14        0x4 60000000
 .text._NTFS_cache_writePartialSector
                0x000000000003cd18      0x100 ../libntfs_ext.a(cache2.o)
                0x000000000003cd18                ._NTFS_cache_writePartialSector
 .text._NTFS_cache_writeLittleEndianValue
                0x000000000003ce18       0xa0 ../libntfs_ext.a(cache2.o)
                0x000000000003ce18                ._NTFS_cache_writeLittleEndianValue
 .text._NTFS_cache_eraseWritePartialSector
                0x000000000003ceb8      0x130 ../libntfs_ext.a(cache2.o)
                0x000000000003ceb8                ._NTFS_cache_eraseWritePartialSector
 .text._NTFS_cache_writeSectors
                0x000000000003cfe8      0x29c ../libntfs_ext.a(cache2.o)
                0x000000000003cfe8                ._NTFS_cache_writeSectors
 *fill*         0x000000000003d284        0x4 60000000
 .text._NTFS_cache_flush
                0x000000000003d288      0x140 ../libntfs_ext.a(cache2.o)
                0x000000000003d288                ._NTFS_cache_flush
 .text._NTFS_cache_destructor
                0x000000000003d3c8       0xa0 ../libntfs_ext.a(cache2.o)
                0x000000000003d3c8                ._NTFS_cache_destructor
 .text._NTFS_cache_invalidate
                0x000000000003d468       0xa4 ../libntfs_ext.a(cache2.o)
                0x000000000003d468                ._NTFS_cache_invalidate
 .text          0x000000000003d50c        0x0 ../libntfs_ext.a(compress.o)
 *fill*         0x000000000003d50c        0x4 60000000
 .text.ntfs_best_match
                0x000000000003d510      0x1dc ../libntfs_ext.a(compress.o)
 *fill*         0x000000000003d6ec        0x4 60000000
 .text.valid_compressed_run
                0x000000000003d6f0      0x198 ../libntfs_ext.a(compress.o)
 .text.ntfs_decompress
                0x000000000003d888      0x3c0 ../libntfs_ext.a(compress.o)
 .text.read_clusters.clone.0
                0x000000000003dc48      0x108 ../libntfs_ext.a(compress.o)
 .text.write_clusters.clone.2
                0x000000000003dd50      0x100 ../libntfs_ext.a(compress.o)
 .text.ntfs_comp_set.clone.3
                0x000000000003de50      0x654 ../libntfs_ext.a(compress.o)
 *fill*         0x000000000003e4a4        0x4 60000000
 .text.ntfs_compress_free
                0x000000000003e4a8      0x9d4 ../libntfs_ext.a(compress.o)
 *fill*         0x000000000003ee7c        0x4 60000000
 .text.ntfs_compressed_attr_pread
                0x000000000003ee80      0x7c8 ../libntfs_ext.a(compress.o)
                0x000000000003ee80                .ntfs_compressed_attr_pread
 .text.ntfs_compressed_pwrite
                0x000000000003f648      0x714 ../libntfs_ext.a(compress.o)
                0x000000000003f648                .ntfs_compressed_pwrite
 *fill*         0x000000000003fd5c        0x4 60000000
 .text.ntfs_compressed_close
                0x000000000003fd60      0x34c ../libntfs_ext.a(compress.o)
                0x000000000003fd60                .ntfs_compressed_close
 .text          0x00000000000400ac        0x0 ../libntfs_ext.a(device.o)
 *fill*         0x00000000000400ac        0x4 60000000
 .text.ntfs_device_alloc
                0x00000000000400b0       0xf0 ../libntfs_ext.a(device.o)
                0x00000000000400b0                .ntfs_device_alloc
 .text.ntfs_device_free
                0x00000000000401a0       0x9c ../libntfs_ext.a(device.o)
                0x00000000000401a0                .ntfs_device_free
 *fill*         0x000000000004023c        0x4 60000000
 .text.ntfs_device_sync
                0x0000000000040240       0x68 ../libntfs_ext.a(device.o)
                0x0000000000040240                .ntfs_device_sync
 .text.ntfs_pread
                0x00000000000402a8      0x164 ../libntfs_ext.a(device.o)
                0x00000000000402a8                .ntfs_pread
 *fill*         0x000000000004040c        0x4 60000000
 .text.ntfs_pwrite
                0x0000000000040410      0x1bc ../libntfs_ext.a(device.o)
                0x0000000000040410                .ntfs_pwrite
 *fill*         0x00000000000405cc        0x4 60000000
 .text.ntfs_mst_pread
                0x00000000000405d0       0xf4 ../libntfs_ext.a(device.o)
                0x00000000000405d0                .ntfs_mst_pread
 *fill*         0x00000000000406c4        0x4 60000000
 .text.ntfs_mst_pwrite
                0x00000000000406c8      0x1a4 ../libntfs_ext.a(device.o)
                0x00000000000406c8                .ntfs_mst_pwrite
 *fill*         0x000000000004086c        0x4 60000000
 .text.ntfs_cluster_read
                0x0000000000040870      0x114 ../libntfs_ext.a(device.o)
                0x0000000000040870                .ntfs_cluster_read
 *fill*         0x0000000000040984        0x4 60000000
 .text.ntfs_cluster_write
                0x0000000000040988      0x13c ../libntfs_ext.a(device.o)
                0x0000000000040988                .ntfs_cluster_write
 *fill*         0x0000000000040ac4        0x4 60000000
 .text.ntfs_device_size_get
                0x0000000000040ac8      0x21c ../libntfs_ext.a(device.o)
                0x0000000000040ac8                .ntfs_device_size_get
 *fill*         0x0000000000040ce4        0x4 60000000
 .text.ntfs_device_partition_start_sector_get
                0x0000000000040ce8       0x68 ../libntfs_ext.a(device.o)
                0x0000000000040ce8                .ntfs_device_partition_start_sector_get
 .text.ntfs_device_heads_get
                0x0000000000040d50       0x68 ../libntfs_ext.a(device.o)
                0x0000000000040d50                .ntfs_device_heads_get
 .text.ntfs_device_sectors_per_track_get
                0x0000000000040db8       0x68 ../libntfs_ext.a(device.o)
                0x0000000000040db8                .ntfs_device_sectors_per_track_get
 .text.ntfs_device_sector_size_get
                0x0000000000040e20       0x68 ../libntfs_ext.a(device.o)
                0x0000000000040e20                .ntfs_device_sector_size_get
 .text.ntfs_device_block_size_set
                0x0000000000040e88       0x7c ../libntfs_ext.a(device.o)
                0x0000000000040e88                .ntfs_device_block_size_set
 .text          0x0000000000040f04        0x0 ../libntfs_ext.a(dir.o)
 *fill*         0x0000000000040f04        0x4 60000000
 .text.lookup_cache_inv_compare
                0x0000000000040f08       0x50 ../libntfs_ext.a(dir.o)
 .text.inode_cache_inv_compare
                0x0000000000040f58      0x134 ../libntfs_ext.a(dir.o)
 *fill*         0x000000000004108c        0x4 60000000
 .text.__ntfs_create
                0x0000000000041090      0xdc0 ../libntfs_ext.a(dir.o)
 .text.inode_cache_compare
                0x0000000000041e50       0x58 ../libntfs_ext.a(dir.o)
 .text.lookup_cache_compare
                0x0000000000041ea8       0x8c ../libntfs_ext.a(dir.o)
 *fill*         0x0000000000041f34        0x4 60000000
 .text.ntfs_filldir.clone.1
                0x0000000000041f38      0x54c ../libntfs_ext.a(dir.o)
 *fill*         0x0000000000042484        0x4 60000000
 .text.ntfs_dir_inode_hash
                0x0000000000042488       0xb4 ../libntfs_ext.a(dir.o)
                0x0000000000042488                .ntfs_dir_inode_hash
 *fill*         0x000000000004253c        0x4 60000000
 .text.ntfs_dir_lookup_hash
                0x0000000000042540       0x94 ../libntfs_ext.a(dir.o)
                0x0000000000042540                .ntfs_dir_lookup_hash
 *fill*         0x00000000000425d4        0x4 60000000
 .text.ntfs_inode_lookup_by_name
                0x00000000000425d8      0x95c ../libntfs_ext.a(dir.o)
                0x00000000000425d8                .ntfs_inode_lookup_by_name
 *fill*         0x0000000000042f34        0x4 60000000
 .text.ntfs_inode_lookup_by_mbsname
                0x0000000000042f38      0x1d4 ../libntfs_ext.a(dir.o)
                0x0000000000042f38                .ntfs_inode_lookup_by_mbsname
 *fill*         0x000000000004310c        0x4 60000000
 .text.ntfs_inode_update_mbsname
                0x0000000000043110       0xf8 ../libntfs_ext.a(dir.o)
                0x0000000000043110                .ntfs_inode_update_mbsname
 .text.ntfs_pathname_to_inode
                0x0000000000043208      0x4d8 ../libntfs_ext.a(dir.o)
                0x0000000000043208                .ntfs_pathname_to_inode
 .text.ntfs_readdir
                0x00000000000436e0      0xe74 ../libntfs_ext.a(dir.o)
                0x00000000000436e0                .ntfs_readdir
 *fill*         0x0000000000044554        0x4 60000000
 .text.ntfs_create
                0x0000000000044558       0x90 ../libntfs_ext.a(dir.o)
                0x0000000000044558                .ntfs_create
 .text.ntfs_create_device
                0x00000000000445e8       0x78 ../libntfs_ext.a(dir.o)
                0x00000000000445e8                .ntfs_create_device
 .text.ntfs_create_symlink
                0x0000000000044660       0x90 ../libntfs_ext.a(dir.o)
                0x0000000000044660                .ntfs_create_symlink
 .text.ntfs_check_empty_dir
                0x00000000000446f0       0xf8 ../libntfs_ext.a(dir.o)
                0x00000000000446f0                .ntfs_check_empty_dir
 .text.ntfs_delete
                0x00000000000447e8      0x9d4 ../libntfs_ext.a(dir.o)
                0x00000000000447e8                .ntfs_delete
 *fill*         0x00000000000451bc        0x4 60000000
 .text.ntfs_link
                0x00000000000451c0      0x5c4 ../libntfs_ext.a(dir.o)
                0x00000000000451c0                .ntfs_link